14:32:09.629 [SpringApplicationShutdownHook] INFO  o.s.o.j.LocalContainerEntityManagerFactoryBean - Closing JPA EntityManagerFactory for persistence unit 'default'
14:32:09.636 [SpringApplicationShutdownHook] INFO  com.zaxxer.hikari.HikariDataSource - HikariPool-1 - Shutdown initiated...
14:32:09.642 [SpringApplicationShutdownHook] INFO  com.zaxxer.hikari.HikariDataSource - HikariPool-1 - Shutdown completed.
14:32:14.165 [background-preinit] INFO  o.h.validator.internal.util.Version - HV000001: Hibernate Validator 8.0.1.Final
14:32:14.187 [main] INFO  b.management.ManagementApplication - Starting ManagementApplication using Java 17.0.11 with PID 83250 (/Users/jinesh/Downloads/management/build/classes/java/main started by jinesh in /Users/jinesh/Downloads/management)
14:32:14.188 [main] INFO  b.management.ManagementApplication - No active profile set, falling back to 1 default profile: "default"
14:32:14.583 [main] INFO  o.s.d.r.c.RepositoryConfigurationDelegate - Bootstrapping Spring Data JPA repositories in DEFAULT mode.
14:32:14.640 [main] INFO  o.s.d.r.c.RepositoryConfigurationDelegate - Finished Spring Data repository scanning in 53 ms. Found 5 JPA repository interfaces.
14:32:14.892 [main] INFO  o.s.b.w.e.tomcat.TomcatWebServer - Tomcat initialized with port 8080 (http)
14:32:14.897 [main] INFO  o.a.coyote.http11.Http11NioProtocol - Initializing ProtocolHandler ["http-nio-8080"]
14:32:14.898 [main] INFO  o.a.catalina.core.StandardService - Starting service [Tomcat]
14:32:14.898 [main] INFO  o.a.catalina.core.StandardEngine - Starting Servlet engine: [Apache Tomcat/10.1.24]
14:32:14.926 [main] INFO  o.a.c.c.C.[Tomcat].[localhost].[/] - Initializing Spring embedded WebApplicationContext
14:32:14.926 [main] INFO  o.s.b.w.s.c.ServletWebServerApplicationContext - Root WebApplicationContext: initialization completed in 717 ms
14:32:14.997 [main] INFO  o.h.jpa.internal.util.LogHelper - HHH000204: Processing PersistenceUnitInfo [name: default]
14:32:15.020 [main] INFO  org.hibernate.Version - HHH000412: Hibernate ORM core version 6.4.8.Final
14:32:15.034 [main] INFO  o.h.c.i.RegionFactoryInitiator - HHH000026: Second-level cache disabled
14:32:15.145 [main] INFO  o.s.o.j.p.SpringPersistenceUnitInfo - No LoadTimeWeaver setup: ignoring JPA class transformer
14:32:15.158 [main] INFO  com.zaxxer.hikari.HikariDataSource - HikariPool-1 - Starting...
14:32:15.550 [main] INFO  com.zaxxer.hikari.pool.HikariPool - HikariPool-1 - Added connection com.mysql.cj.jdbc.ConnectionImpl@3ee258
14:32:15.554 [main] INFO  com.zaxxer.hikari.HikariDataSource - HikariPool-1 - Start completed.
14:32:16.080 [main] INFO  o.h.e.t.j.p.i.JtaPlatformInitiator - HHH000489: No JTA platform available (set 'hibernate.transaction.jta.platform' to enable JTA platform integration)
14:32:16.921 [main] INFO  o.s.o.j.LocalContainerEntityManagerFactoryBean - Initialized JPA EntityManagerFactory for persistence unit 'default'
14:32:17.181 [main] WARN  o.s.b.a.o.j.JpaBaseConfiguration$JpaWebConfiguration - spring.jpa.open-in-view is enabled by default. Therefore, database queries may be performed during view rendering. Explicitly configure spring.jpa.open-in-view to disable this warning
14:32:17.395 [main] INFO  o.a.coyote.http11.Http11NioProtocol - Starting ProtocolHandler ["http-nio-8080"]
14:32:17.401 [main] INFO  o.s.b.w.e.tomcat.TomcatWebServer - Tomcat started on port 8080 (http) with context path ''
14:32:17.408 [main] INFO  b.management.ManagementApplication - Started ManagementApplication in 3.355 seconds (process running for 3.812)
14:32:43.835 [http-nio-8080-exec-2] INFO  o.a.c.c.C.[Tomcat].[localhost].[/] - Initializing Spring DispatcherServlet 'dispatcherServlet'
14:32:43.835 [http-nio-8080-exec-2] INFO  o.s.web.servlet.DispatcherServlet - Initializing Servlet 'dispatcherServlet'
14:32:43.836 [http-nio-8080-exec-2] INFO  o.s.web.servlet.DispatcherServlet - Completed initialization in 1 ms
14:32:43.856 [http-nio-8080-exec-2] INFO  b.m.controller.UserController - Retrieving user with ID: 1
14:32:43.856 [http-nio-8080-exec-2] INFO  b.management.service.UserServiceImpl - Retrieving user with ID: 1
14:32:44.074 [http-nio-8080-exec-2] INFO  b.management.service.UserServiceImpl - User retrieved successfully for ID: 1
14:32:44.074 [http-nio-8080-exec-2] INFO  b.m.controller.UserController - User retrieved successfully for ID: 1
14:32:53.585 [http-nio-8080-exec-3] INFO  b.m.controller.AccountController - Retrieving account with ID: 7
14:32:53.685 [http-nio-8080-exec-3] INFO  b.m.service.AccountServiceImpl - Retrieving account with ID: 7
14:32:53.716 [http-nio-8080-exec-3] INFO  b.m.service.AccountServiceImpl - Account retrieved successfully for ID: 7
14:32:53.844 [http-nio-8080-exec-3] INFO  b.m.controller.AccountController - Account retrieved successfully for ID: 7
