12:00:06.752 [SpringApplicationShutdownHook] INFO  o.s.o.j.LocalContainerEntityManagerFactoryBean - Closing JPA EntityManagerFactory for persistence unit 'default'
12:00:06.756 [SpringApplicationShutdownHook] INFO  com.zaxxer.hikari.HikariDataSource - HikariPool-1 - Shutdown initiated...
12:00:06.757 [SpringApplicationShutdownHook] INFO  com.zaxxer.hikari.HikariDataSource - HikariPool-1 - Shutdown completed.
12:00:11.549 [background-preinit] INFO  o.h.validator.internal.util.Version - HV000001: Hibernate Validator 8.0.1.Final
12:00:11.565 [main] INFO  b.management.ManagementApplication - Starting ManagementApplication using Java 17.0.11 with PID 34153 (/Users/jinesh/Downloads/management/build/classes/java/main started by jinesh in /Users/jinesh/Downloads/management)
12:00:11.566 [main] INFO  b.management.ManagementApplication - No active profile set, falling back to 1 default profile: "default"
12:00:11.871 [main] INFO  o.s.d.r.c.RepositoryConfigurationDelegate - Bootstrapping Spring Data JPA repositories in DEFAULT mode.
12:00:11.912 [main] INFO  o.s.d.r.c.RepositoryConfigurationDelegate - Finished Spring Data repository scanning in 38 ms. Found 5 JPA repository interfaces.
12:00:12.109 [main] INFO  o.s.b.w.e.tomcat.TomcatWebServer - Tomcat initialized with port 8080 (http)
12:00:12.112 [main] INFO  o.a.coyote.http11.Http11NioProtocol - Initializing ProtocolHandler ["http-nio-8080"]
12:00:12.113 [main] INFO  o.a.catalina.core.StandardService - Starting service [Tomcat]
12:00:12.113 [main] INFO  o.a.catalina.core.StandardEngine - Starting Servlet engine: [Apache Tomcat/10.1.24]
12:00:12.134 [main] INFO  o.a.c.c.C.[Tomcat].[localhost].[/] - Initializing Spring embedded WebApplicationContext
12:00:12.134 [main] INFO  o.s.b.w.s.c.ServletWebServerApplicationContext - Root WebApplicationContext: initialization completed in 551 ms
12:00:12.193 [main] INFO  o.h.jpa.internal.util.LogHelper - HHH000204: Processing PersistenceUnitInfo [name: default]
12:00:12.213 [main] INFO  org.hibernate.Version - HHH000412: Hibernate ORM core version 6.4.8.Final
12:00:12.225 [main] INFO  o.h.c.i.RegionFactoryInitiator - HHH000026: Second-level cache disabled
12:00:12.319 [main] INFO  o.s.o.j.p.SpringPersistenceUnitInfo - No LoadTimeWeaver setup: ignoring JPA class transformer
12:00:12.332 [main] INFO  com.zaxxer.hikari.HikariDataSource - HikariPool-1 - Starting...
12:00:12.713 [main] INFO  com.zaxxer.hikari.pool.HikariPool - HikariPool-1 - Added connection com.mysql.cj.jdbc.ConnectionImpl@3e4afd10
12:00:12.718 [main] INFO  com.zaxxer.hikari.HikariDataSource - HikariPool-1 - Start completed.
12:00:13.259 [main] INFO  o.h.e.t.j.p.i.JtaPlatformInitiator - HHH000489: No JTA platform available (set 'hibernate.transaction.jta.platform' to enable JTA platform integration)
12:00:14.058 [main] INFO  o.s.o.j.LocalContainerEntityManagerFactoryBean - Initialized JPA EntityManagerFactory for persistence unit 'default'
12:00:14.417 [main] WARN  o.s.b.a.o.j.JpaBaseConfiguration$JpaWebConfiguration - spring.jpa.open-in-view is enabled by default. Therefore, database queries may be performed during view rendering. Explicitly configure spring.jpa.open-in-view to disable this warning
12:00:14.574 [main] INFO  o.a.coyote.http11.Http11NioProtocol - Starting ProtocolHandler ["http-nio-8080"]
12:00:14.581 [main] INFO  o.s.b.w.e.tomcat.TomcatWebServer - Tomcat started on port 8080 (http) with context path ''
12:00:14.588 [main] INFO  b.management.ManagementApplication - Started ManagementApplication in 3.15 seconds (process running for 3.698)
12:00:26.686 [http-nio-8080-exec-2] INFO  o.a.c.c.C.[Tomcat].[localhost].[/] - Initializing Spring DispatcherServlet 'dispatcherServlet'
12:00:26.686 [http-nio-8080-exec-2] INFO  o.s.web.servlet.DispatcherServlet - Initializing Servlet 'dispatcherServlet'
12:00:26.687 [http-nio-8080-exec-2] INFO  o.s.web.servlet.DispatcherServlet - Completed initialization in 1 ms
12:00:26.707 [http-nio-8080-exec-2] INFO  b.m.controller.LoanController - Retrieving loan with ID: 2
12:00:26.707 [http-nio-8080-exec-2] INFO  b.management.service.LoanServiceImpl - Retrieving loan with ID: 2
12:00:26.937 [http-nio-8080-exec-2] INFO  b.management.service.LoanServiceImpl - Loan retrieved successfully for ID: 2
12:00:26.937 [http-nio-8080-exec-2] INFO  b.m.controller.LoanController - Loan retrieved successfully for ID: 2
12:00:32.684 [http-nio-8080-exec-3] INFO  b.m.controller.LoanController - Retrieving loan with ID: 4
12:00:32.685 [http-nio-8080-exec-3] INFO  b.management.service.LoanServiceImpl - Retrieving loan with ID: 4
12:00:33.663 [http-nio-8080-exec-3] INFO  b.management.service.LoanServiceImpl - Loan retrieved successfully for ID: 4
12:00:33.664 [http-nio-8080-exec-3] INFO  b.m.controller.LoanController - Loan retrieved successfully for ID: 4
12:00:37.167 [http-nio-8080-exec-4] INFO  b.m.controller.LoanController - Retrieving loan with ID: 56
12:00:37.167 [http-nio-8080-exec-4] INFO  b.management.service.LoanServiceImpl - Retrieving loan with ID: 56
12:00:37.755 [http-nio-8080-exec-4] ERROR b.management.service.LoanServiceImpl - EntityNotFoundException: Loan not found with ID: 56
12:00:37.756 [http-nio-8080-exec-4] ERROR b.m.controller.LoanController - Loan not found with ID: 56
