14:42:09.636 [background-preinit] INFO  o.h.validator.internal.util.Version - HV000001: Hibernate Validator 8.0.1.Final
14:42:09.653 [main] INFO  b.management.ManagementApplication - Starting ManagementApplication using Java 17.0.11 with PID 70288 (/Users/jinesh/Downloads/management/build/classes/java/main started by jinesh in /Users/jinesh/Downloads/management)
14:42:09.653 [main] INFO  b.management.ManagementApplication - No active profile set, falling back to 1 default profile: "default"
14:42:10.013 [main] INFO  o.s.d.r.c.RepositoryConfigurationDelegate - Bootstrapping Spring Data JPA repositories in DEFAULT mode.
14:42:10.062 [main] INFO  o.s.d.r.c.RepositoryConfigurationDelegate - Finished Spring Data repository scanning in 45 ms. Found 5 JPA repository interfaces.
14:42:10.294 [main] INFO  o.s.b.w.e.tomcat.TomcatWebServer - Tomcat initialized with port 8080 (http)
14:42:10.299 [main] INFO  o.a.coyote.http11.Http11NioProtocol - Initializing ProtocolHandler ["http-nio-8080"]
14:42:10.300 [main] INFO  o.a.catalina.core.StandardService - Starting service [Tomcat]
14:42:10.300 [main] INFO  o.a.catalina.core.StandardEngine - Starting Servlet engine: [Apache Tomcat/10.1.24]
14:42:10.326 [main] INFO  o.a.c.c.C.[Tomcat].[localhost].[/] - Initializing Spring embedded WebApplicationContext
14:42:10.326 [main] INFO  o.s.b.w.s.c.ServletWebServerApplicationContext - Root WebApplicationContext: initialization completed in 654 ms
14:42:10.396 [main] INFO  o.h.jpa.internal.util.LogHelper - HHH000204: Processing PersistenceUnitInfo [name: default]
14:42:10.416 [main] INFO  org.hibernate.Version - HHH000412: Hibernate ORM core version 6.4.8.Final
14:42:10.429 [main] INFO  o.h.c.i.RegionFactoryInitiator - HHH000026: Second-level cache disabled
14:42:10.532 [main] INFO  o.s.o.j.p.SpringPersistenceUnitInfo - No LoadTimeWeaver setup: ignoring JPA class transformer
14:42:10.543 [main] INFO  com.zaxxer.hikari.HikariDataSource - HikariPool-1 - Starting...
14:42:11.316 [main] INFO  com.zaxxer.hikari.pool.HikariPool - HikariPool-1 - Added connection com.mysql.cj.jdbc.ConnectionImpl@1fa98a22
14:42:11.320 [main] INFO  com.zaxxer.hikari.HikariDataSource - HikariPool-1 - Start completed.
14:42:11.897 [main] INFO  o.h.e.t.j.p.i.JtaPlatformInitiator - HHH000489: No JTA platform available (set 'hibernate.transaction.jta.platform' to enable JTA platform integration)
14:42:13.608 [main] INFO  o.s.o.j.LocalContainerEntityManagerFactoryBean - Initialized JPA EntityManagerFactory for persistence unit 'default'
14:42:13.828 [main] WARN  o.s.b.a.o.j.JpaBaseConfiguration$JpaWebConfiguration - spring.jpa.open-in-view is enabled by default. Therefore, database queries may be performed during view rendering. Explicitly configure spring.jpa.open-in-view to disable this warning
14:42:14.014 [main] INFO  o.a.coyote.http11.Http11NioProtocol - Starting ProtocolHandler ["http-nio-8080"]
14:42:14.020 [main] INFO  o.s.b.w.e.tomcat.TomcatWebServer - Tomcat started on port 8080 (http) with context path ''
14:42:14.027 [main] INFO  b.management.ManagementApplication - Started ManagementApplication in 4.508 seconds (process running for 4.974)
14:42:17.123 [http-nio-8080-exec-1] INFO  o.a.c.c.C.[Tomcat].[localhost].[/] - Initializing Spring DispatcherServlet 'dispatcherServlet'
14:42:17.123 [http-nio-8080-exec-1] INFO  o.s.web.servlet.DispatcherServlet - Initializing Servlet 'dispatcherServlet'
14:42:17.124 [http-nio-8080-exec-1] INFO  o.s.web.servlet.DispatcherServlet - Completed initialization in 1 ms
14:42:17.140 [http-nio-8080-exec-1] INFO  b.m.controller.UserController - Retrieving user with ID: 1
14:42:17.140 [http-nio-8080-exec-1] INFO  b.management.service.UserServiceImpl - Retrieving user with ID: 1
14:42:17.599 [http-nio-8080-exec-1] INFO  b.management.service.UserServiceImpl - User retrieved successfully for ID: 1
14:42:17.600 [http-nio-8080-exec-1] INFO  b.m.controller.UserController - User retrieved successfully for ID: 1
