01:35:00.015 [Test worker] WARN  o.s.b.a.o.j.JpaBaseConfiguration$JpaWebConfiguration - spring.jpa.open-in-view is enabled by default. Therefore, database queries may be performed during view rendering. Explicitly configure spring.jpa.open-in-view to disable this warning
01:35:00.241 [Test worker] INFO  b.m.ManagementApplicationTests - Started ManagementApplicationTests in 2.885 seconds (process running for 4.349)
01:35:00.252 [Test worker] INFO  o.s.t.c.s.AnnotationConfigContextLoaderUtils - Could not detect default configuration classes for test class [banking.management.controller.AccountControllerTest]: AccountControllerTest does not declare any static, non-private, non-final, nested classes annotated with @Configuration.
01:35:00.274 [Test worker] INFO  b.m.controller.AccountController - Deleting account with ID: 1
01:35:00.275 [Test worker] INFO  b.m.controller.AccountController - Account deleted successfully with ID: 1
01:35:00.279 [Test worker] INFO  b.m.controller.AccountController - Deleting account with ID: 1
01:35:00.280 [Test worker] ERROR b.m.controller.AccountController - Account not found with ID: 1
01:35:00.283 [Test worker] INFO  b.m.controller.AccountController - Creating new account...
01:35:00.284 [Test worker] INFO  b.m.controller.AccountController - Account created successfully with ID: null
01:35:00.287 [Test worker] INFO  b.m.controller.AccountController - Updating account with ID: 1
01:35:00.287 [Test worker] ERROR b.m.controller.AccountController - Account not found with ID: 1
01:35:00.290 [Test worker] INFO  b.m.controller.AccountController - Creating new account...
01:35:00.290 [Test worker] ERROR b.m.controller.AccountController - Unexpected error occurred while creating the account: Unexpected error
01:35:00.293 [Test worker] INFO  b.m.controller.AccountController - Retrieving account with ID: 1
01:35:00.294 [Test worker] INFO  b.m.controller.AccountController - Account retrieved successfully for ID: 1
01:35:00.298 [Test worker] INFO  b.m.controller.AccountController - Updating account with ID: 1
01:35:00.298 [Test worker] INFO  b.m.controller.AccountController - Account updated successfully with ID: 1
01:35:00.300 [Test worker] INFO  b.m.controller.AccountController - Retrieving account with ID: 1
01:35:00.300 [Test worker] ERROR b.m.controller.AccountController - Account not found with ID: 1
01:35:00.302 [Test worker] INFO  o.s.t.c.s.AnnotationConfigContextLoaderUtils - Could not detect default configuration classes for test class [banking.management.controller.LoanControllerTest]: LoanControllerTest does not declare any static, non-private, non-final, nested classes annotated with @Configuration.
01:35:00.325 [Test worker] INFO  b.m.controller.LoanController - Creating new loan...
01:35:00.325 [Test worker] INFO  b.m.controller.LoanController - Loan created successfully with ID: null
01:35:00.330 [Test worker] INFO  b.m.controller.LoanController - Creating new loan...
01:35:00.332 [Test worker] ERROR b.m.controller.LoanController - Entity not found: Account not found
01:35:00.335 [Test worker] INFO  b.m.controller.LoanController - Deleting loan with ID: 1
01:35:00.335 [Test worker] INFO  b.m.controller.LoanController - Loan deleted successfully with ID: 1
01:35:00.339 [Test worker] INFO  b.m.controller.LoanController - Retrieving loan with ID: 1
01:35:00.339 [Test worker] INFO  b.m.controller.LoanController - Loan retrieved successfully for ID: 1
01:35:00.342 [Test worker] INFO  b.m.controller.LoanController - Updating loan with ID: 1
01:35:00.342 [Test worker] INFO  b.m.controller.LoanController - Loan updated successfully with ID: 1
01:35:00.347 [Test worker] INFO  b.m.controller.LoanController - Updating loan with ID: 1
01:35:00.347 [Test worker] ERROR b.m.controller.LoanController - Loan not found with ID: 1
01:35:00.350 [Test worker] INFO  b.m.controller.LoanController - Deleting loan with ID: 1
01:35:00.350 [Test worker] ERROR b.m.controller.LoanController - Loan not found with ID: 1
01:35:00.353 [Test worker] INFO  b.m.controller.LoanController - Retrieving loan with ID: 1
01:35:00.353 [Test worker] ERROR b.m.controller.LoanController - Loan not found with ID: 1
01:35:00.374 [Test worker] INFO  b.m.controller.PaymentController - Creating new payment...
01:35:00.375 [Test worker] ERROR b.m.controller.PaymentController - Entity not found: Account not found
01:35:00.376 [Test worker] INFO  b.m.controller.PaymentController - Retrieving payment with ID: 1
01:35:00.376 [Test worker] INFO  b.m.controller.PaymentController - Payment retrieved successfully for ID: 1
01:35:00.378 [Test worker] INFO  b.m.controller.PaymentController - Creating new payment...
01:35:00.378 [Test worker] INFO  b.m.controller.PaymentController - Payment created successfully with ID: 1
01:35:00.380 [Test worker] INFO  b.m.controller.PaymentController - Retrieving payment with ID: 1
01:35:00.380 [Test worker] ERROR b.m.controller.PaymentController - Payment not found with ID: 1
01:35:00.382 [Test worker] INFO  o.s.t.c.s.AnnotationConfigContextLoaderUtils - Could not detect default configuration classes for test class [banking.management.service.AccountServiceImplTest]: AccountServiceImplTest does not declare any static, non-private, non-final, nested classes annotated with @Configuration.
01:35:00.404 [Test worker] INFO  o.s.b.t.c.SpringBootTestContextBootstrapper - Found @SpringBootConfiguration banking.management.ManagementApplication for test class banking.management.service.AccountServiceImplTest
01:35:00.414 [Test worker] INFO  b.m.service.AccountServiceImplTest - Starting AccountServiceImplTest using Java 17.0.11 with PID 67031 (started by jinesh in /Users/jinesh/Downloads/management)
01:35:00.415 [Test worker] INFO  b.m.service.AccountServiceImplTest - No active profile set, falling back to 1 default profile: "default"
01:35:00.537 [Test worker] INFO  o.s.d.r.c.RepositoryConfigurationDelegate - Bootstrapping Spring Data JPA repositories in DEFAULT mode.
01:35:00.557 [Test worker] INFO  o.s.d.r.c.RepositoryConfigurationDelegate - Finished Spring Data repository scanning in 19 ms. Found 5 JPA repository interfaces.
01:35:00.591 [Test worker] INFO  o.h.jpa.internal.util.LogHelper - HHH000204: Processing PersistenceUnitInfo [name: default]
01:35:00.592 [Test worker] INFO  o.h.c.i.RegionFactoryInitiator - HHH000026: Second-level cache disabled
01:35:00.593 [Test worker] INFO  o.s.o.j.p.SpringPersistenceUnitInfo - No LoadTimeWeaver setup: ignoring JPA class transformer
01:35:00.594 [Test worker] INFO  com.zaxxer.hikari.HikariDataSource - HikariPool-2 - Starting...
01:35:00.857 [Test worker] INFO  com.zaxxer.hikari.pool.HikariPool - HikariPool-2 - Added connection com.mysql.cj.jdbc.ConnectionImpl@6a271c2b
01:35:00.858 [Test worker] INFO  com.zaxxer.hikari.HikariDataSource - HikariPool-2 - Start completed.
01:35:00.932 [Test worker] INFO  o.h.e.t.j.p.i.JtaPlatformInitiator - HHH000489: No JTA platform available (set 'hibernate.transaction.jta.platform' to enable JTA platform integration)
01:35:01.648 [Test worker] INFO  o.s.o.j.LocalContainerEntityManagerFactoryBean - Initialized JPA EntityManagerFactory for persistence unit 'default'
01:35:01.699 [Test worker] WARN  o.s.b.a.o.j.JpaBaseConfiguration$JpaWebConfiguration - spring.jpa.open-in-view is enabled by default. Therefore, database queries may be performed during view rendering. Explicitly configure spring.jpa.open-in-view to disable this warning
01:35:01.755 [Test worker] INFO  b.m.service.AccountServiceImplTest - Started AccountServiceImplTest in 1.349 seconds (process running for 5.864)
01:35:01.851 [Test worker] INFO  b.m.service.AccountServiceImpl - Deleting account with ID: 1
01:35:01.852 [Test worker] INFO  b.m.service.AccountServiceImpl - Account deleted successfully with ID: 1
01:35:01.858 [Test worker] INFO  b.m.service.AccountServiceImpl - Creating a new account...
01:35:01.859 [Test worker] INFO  b.m.service.AccountServiceImpl - Account created successfully with ID: 1
01:35:01.863 [Test worker] INFO  b.m.service.AccountServiceImpl - Deleting account with ID: 1
01:35:01.864 [Test worker] ERROR b.m.service.AccountServiceImpl - EntityNotFoundException: Account not found with ID: 1
01:35:01.868 [Test worker] INFO  b.m.service.AccountServiceImpl - Retrieving account with ID: 1
01:35:01.868 [Test worker] INFO  b.m.service.AccountServiceImpl - Account retrieved successfully for ID: 1
01:35:01.873 [Test worker] INFO  b.m.service.AccountServiceImpl - Updating account with ID: 1
01:35:01.873 [Test worker] INFO  b.m.service.AccountServiceImpl - Account updated successfully with ID: 1
01:35:01.877 [Test worker] INFO  b.m.service.AccountServiceImpl - Creating a new account...
01:35:01.878 [Test worker] ERROR b.m.service.AccountServiceImpl - EntityNotFoundException: Details not found for IFSC: ICIC0000010
01:35:01.882 [Test worker] INFO  b.m.service.AccountServiceImpl - Retrieving account with ID: 1
01:35:01.882 [Test worker] ERROR b.m.service.AccountServiceImpl - EntityNotFoundException: Account not found with ID: 1
01:35:01.884 [Test worker] INFO  o.s.t.c.s.AnnotationConfigContextLoaderUtils - Could not detect default configuration classes for test class [banking.management.service.LoanServiceImplTest]: LoanServiceImplTest does not declare any static, non-private, non-final, nested classes annotated with @Configuration.
01:35:01.919 [Test worker] INFO  b.management.service.LoanServiceImpl - Creating a new loan...
01:35:01.920 [Test worker] INFO  b.management.service.LoanServiceImpl - Loan created successfully with ID: 1
01:35:01.923 [Test worker] INFO  b.management.service.LoanServiceImpl - Deleting loan with ID: 1
01:35:01.923 [Test worker] INFO  b.management.service.LoanServiceImpl - Loan deleted successfully with ID: 1
01:35:01.927 [Test worker] INFO  b.management.service.LoanServiceImpl - Retrieving loan with ID: 1
01:35:01.927 [Test worker] INFO  b.management.service.LoanServiceImpl - Loan retrieved successfully for ID: 1
01:35:01.930 [Test worker] INFO  b.management.service.LoanServiceImpl - Creating a new loan...
01:35:01.930 [Test worker] INFO  b.management.service.LoanServiceImpl - Loan created successfully with ID: 1
01:35:01.934 [Test worker] INFO  b.management.service.LoanServiceImpl - Updating loan with ID: 1
01:35:01.934 [Test worker] ERROR b.management.service.LoanServiceImpl - EntityNotFoundException: Loan not found with ID: 1
01:35:01.937 [Test worker] INFO  b.management.service.LoanServiceImpl - Deleting loan with ID: 1
01:35:01.937 [Test worker] ERROR b.management.service.LoanServiceImpl - EntityNotFoundException: Loan not found with ID: 1
jakarta.persistence.EntityNotFoundException: Loan not found with ID: 1
	at banking.management.service.LoanServiceImpl.deleteLoan(LoanServiceImpl.java:140)
	at banking.management.service.LoanServiceImplTest.lambda$testDeleteLoan_LoanNotFound$2(LoanServiceImplTest.java:230)
	at org.junit.jupiter.api.AssertThrows.assertThrows(AssertThrows.java:53)
	at org.junit.jupiter.api.AssertThrows.assertThrows(AssertThrows.java:35)
	at org.junit.jupiter.api.Assertions.assertThrows(Assertions.java:3115)
	at banking.management.service.LoanServiceImplTest.testDeleteLoan_LoanNotFound(LoanServiceImplTest.java:229)
	at java.base/jdk.internal.reflect.NativeMethodAccessorImpl.invoke0(Native Method)
	at java.base/jdk.internal.reflect.NativeMethodAccessorImpl.invoke(NativeMethodAccessorImpl.java:77)
	at java.base/jdk.internal.reflect.DelegatingMethodAccessorImpl.invoke(DelegatingMethodAccessorImpl.java:43)
	at java.base/java.lang.reflect.Method.invoke(Method.java:568)
	at org.junit.platform.commons.util.ReflectionUtils.invokeMethod(ReflectionUtils.java:728)
	at org.junit.jupiter.engine.execution.MethodInvocation.proceed(MethodInvocation.java:60)
	at org.junit.jupiter.engine.execution.InvocationInterceptorChain$ValidatingInvocation.proceed(InvocationInterceptorChain.java:131)
	at org.junit.jupiter.engine.extension.TimeoutExtension.intercept(TimeoutExtension.java:156)
	at org.junit.jupiter.engine.extension.TimeoutExtension.interceptTestableMethod(TimeoutExtension.java:147)
	at org.junit.jupiter.engine.extension.TimeoutExtension.interceptTestMethod(TimeoutExtension.java:86)
	at org.junit.jupiter.engine.execution.InterceptingExecutableInvoker$ReflectiveInterceptorCall.lambda$ofVoidMethod$0(InterceptingExecutableInvoker.java:103)
	at org.junit.jupiter.engine.execution.InterceptingExecutableInvoker.lambda$invoke$0(InterceptingExecutableInvoker.java:93)
	at org.junit.jupiter.engine.execution.InvocationInterceptorChain$InterceptedInvocation.proceed(InvocationInterceptorChain.java:106)
	at org.junit.jupiter.engine.execution.InvocationInterceptorChain.proceed(InvocationInterceptorChain.java:64)
	at org.junit.jupiter.engine.execution.InvocationInterceptorChain.chainAndInvoke(InvocationInterceptorChain.java:45)
	at org.junit.jupiter.engine.execution.InvocationInterceptorChain.invoke(InvocationInterceptorChain.java:37)
	at org.junit.jupiter.engine.execution.InterceptingExecutableInvoker.invoke(InterceptingExecutableInvoker.java:92)
	at org.junit.jupiter.engine.execution.InterceptingExecutableInvoker.invoke(InterceptingExecutableInvoker.java:86)
	at org.junit.jupiter.engine.descriptor.TestMethodTestDescriptor.lambda$invokeTestMethod$7(TestMethodTestDescriptor.java:218)
	at org.junit.platform.engine.support.hierarchical.ThrowableCollector.execute(ThrowableCollector.java:73)
	at org.junit.jupiter.engine.descriptor.TestMethodTestDescriptor.invokeTestMethod(TestMethodTestDescriptor.java:214)
	at org.junit.jupiter.engine.descriptor.TestMethodTestDescriptor.execute(TestMethodTestDescriptor.java:139)
	at org.junit.jupiter.engine.descriptor.TestMethodTestDescriptor.execute(TestMethodTestDescriptor.java:69)
	at org.junit.platform.engine.support.hierarchical.NodeTestTask.lambda$executeRecursively$6(NodeTestTask.java:151)
	at org.junit.platform.engine.support.hierarchical.ThrowableCollector.execute(ThrowableCollector.java:73)
	at org.junit.platform.engine.support.hierarchical.NodeTestTask.lambda$executeRecursively$8(NodeTestTask.java:141)
	at org.junit.platform.engine.support.hierarchical.Node.around(Node.java:137)
	at org.junit.platform.engine.support.hierarchical.NodeTestTask.lambda$executeRecursively$9(NodeTestTask.java:139)
	at org.junit.platform.engine.support.hierarchical.ThrowableCollector.execute(ThrowableCollector.java:73)
	at org.junit.platform.engine.support.hierarchical.NodeTestTask.executeRecursively(NodeTestTask.java:138)
	at org.junit.platform.engine.support.hierarchical.NodeTestTask.execute(NodeTestTask.java:95)
	at java.base/java.util.ArrayList.forEach(ArrayList.java:1511)
	at org.junit.platform.engine.support.hierarchical.SameThreadHierarchicalTestExecutorService.invokeAll(SameThreadHierarchicalTestExecutorService.java:41)
	at org.junit.platform.engine.support.hierarchical.NodeTestTask.lambda$executeRecursively$6(NodeTestTask.java:155)
	at org.junit.platform.engine.support.hierarchical.ThrowableCollector.execute(ThrowableCollector.java:73)
	at org.junit.platform.engine.support.hierarchical.NodeTestTask.lambda$executeRecursively$8(NodeTestTask.java:141)
	at org.junit.platform.engine.support.hierarchical.Node.around(Node.java:137)
	at org.junit.platform.engine.support.hierarchical.NodeTestTask.lambda$executeRecursively$9(NodeTestTask.java:139)
	at org.junit.platform.engine.support.hierarchical.ThrowableCollector.execute(ThrowableCollector.java:73)
	at org.junit.platform.engine.support.hierarchical.NodeTestTask.executeRecursively(NodeTestTask.java:138)
	at org.junit.platform.engine.support.hierarchical.NodeTestTask.execute(NodeTestTask.java:95)
	at java.base/java.util.ArrayList.forEach(ArrayList.java:1511)
	at org.junit.platform.engine.support.hierarchical.SameThreadHierarchicalTestExecutorService.invokeAll(SameThreadHierarchicalTestExecutorService.java:41)
	at org.junit.platform.engine.support.hierarchical.NodeTestTask.lambda$executeRecursively$6(NodeTestTask.java:155)
	at org.junit.platform.engine.support.hierarchical.ThrowableCollector.execute(ThrowableCollector.java:73)
	at org.junit.platform.engine.support.hierarchical.NodeTestTask.lambda$executeRecursively$8(NodeTestTask.java:141)
	at org.junit.platform.engine.support.hierarchical.Node.around(Node.java:137)
	at org.junit.platform.engine.support.hierarchical.NodeTestTask.lambda$executeRecursively$9(NodeTestTask.java:139)
	at org.junit.platform.engine.support.hierarchical.ThrowableCollector.execute(ThrowableCollector.java:73)
	at org.junit.platform.engine.support.hierarchical.NodeTestTask.executeRecursively(NodeTestTask.java:138)
	at org.junit.platform.engine.support.hierarchical.NodeTestTask.execute(NodeTestTask.java:95)
	at org.junit.platform.engine.support.hierarchical.SameThreadHierarchicalTestExecutorService.submit(SameThreadHierarchicalTestExecutorService.java:35)
	at org.junit.platform.engine.support.hierarchical.HierarchicalTestExecutor.execute(HierarchicalTestExecutor.java:57)
	at org.junit.platform.engine.support.hierarchical.HierarchicalTestEngine.execute(HierarchicalTestEngine.java:54)
	at org.junit.platform.launcher.core.EngineExecutionOrchestrator.execute(EngineExecutionOrchestrator.java:198)
	at org.junit.platform.launcher.core.EngineExecutionOrchestrator.execute(EngineExecutionOrchestrator.java:169)
	at org.junit.platform.launcher.core.EngineExecutionOrchestrator.execute(EngineExecutionOrchestrator.java:93)
	at org.junit.platform.launcher.core.EngineExecutionOrchestrator.lambda$execute$0(EngineExecutionOrchestrator.java:58)
	at org.junit.platform.launcher.core.EngineExecutionOrchestrator.withInterceptedStreams(EngineExecutionOrchestrator.java:141)
	at org.junit.platform.launcher.core.EngineExecutionOrchestrator.execute(EngineExecutionOrchestrator.java:57)
	at org.junit.platform.launcher.core.DefaultLauncher.execute(DefaultLauncher.java:103)
	at org.junit.platform.launcher.core.DefaultLauncher.execute(DefaultLauncher.java:85)
	at org.junit.platform.launcher.core.DelegatingLauncher.execute(DelegatingLauncher.java:47)
	at org.gradle.api.internal.tasks.testing.junitplatform.JUnitPlatformTestClassProcessor$CollectAllTestClassesExecutor.processAllTestClasses(JUnitPlatformTestClassProcessor.java:119)
	at org.gradle.api.internal.tasks.testing.junitplatform.JUnitPlatformTestClassProcessor$CollectAllTestClassesExecutor.access$000(JUnitPlatformTestClassProcessor.java:94)
	at org.gradle.api.internal.tasks.testing.junitplatform.JUnitPlatformTestClassProcessor.stop(JUnitPlatformTestClassProcessor.java:89)
	at org.gradle.api.internal.tasks.testing.SuiteTestClassProcessor.stop(SuiteTestClassProcessor.java:62)
	at java.base/jdk.internal.reflect.NativeMethodAccessorImpl.invoke0(Native Method)
	at java.base/jdk.internal.reflect.NativeMethodAccessorImpl.invoke(NativeMethodAccessorImpl.java:77)
	at java.base/jdk.internal.reflect.DelegatingMethodAccessorImpl.invoke(DelegatingMethodAccessorImpl.java:43)
	at java.base/java.lang.reflect.Method.invoke(Method.java:568)
	at org.gradle.internal.dispatch.ReflectionDispatch.dispatch(ReflectionDispatch.java:36)
	at org.gradle.internal.dispatch.ReflectionDispatch.dispatch(ReflectionDispatch.java:24)
	at org.gradle.internal.dispatch.ContextClassLoaderDispatch.dispatch(ContextClassLoaderDispatch.java:33)
	at org.gradle.internal.dispatch.ProxyDispatchAdapter$DispatchingInvocationHandler.invoke(ProxyDispatchAdapter.java:94)
	at jdk.proxy1/jdk.proxy1.$Proxy2.stop(Unknown Source)
	at org.gradle.api.internal.tasks.testing.worker.TestWorker$3.run(TestWorker.java:193)
	at org.gradle.api.internal.tasks.testing.worker.TestWorker.executeAndMaintainThreadName(TestWorker.java:129)
	at org.gradle.api.internal.tasks.testing.worker.TestWorker.execute(TestWorker.java:100)
	at org.gradle.api.internal.tasks.testing.worker.TestWorker.execute(TestWorker.java:60)
	at org.gradle.process.internal.worker.child.ActionExecutionWorker.execute(ActionExecutionWorker.java:56)
	at org.gradle.process.internal.worker.child.SystemApplicationClassLoaderWorker.call(SystemApplicationClassLoaderWorker.java:119)
	at org.gradle.process.internal.worker.child.SystemApplicationClassLoaderWorker.call(SystemApplicationClassLoaderWorker.java:66)
	at worker.org.gradle.process.internal.worker.GradleWorkerMain.run(GradleWorkerMain.java:69)
	at worker.org.gradle.process.internal.worker.GradleWorkerMain.main(GradleWorkerMain.java:74)
01:35:01.942 [Test worker] INFO  b.management.service.LoanServiceImpl - Retrieving loan with ID: 1
01:35:01.942 [Test worker] ERROR b.management.service.LoanServiceImpl - EntityNotFoundException: Loan not found with ID: 1
01:35:01.943 [Test worker] INFO  o.s.t.c.s.AnnotationConfigContextLoaderUtils - Could not detect default configuration classes for test class [banking.management.service.PaymentServiceImplTest]: PaymentServiceImplTest does not declare any static, non-private, non-final, nested classes annotated with @Configuration.
01:35:01.971 [Test worker] INFO  b.m.service.PaymentServiceImpl - Retrieving payment with ID: 1
01:35:01.972 [Test worker] ERROR b.m.service.PaymentServiceImpl - EntityNotFoundException: Payment not found with ID: 1
01:35:01.974 [Test worker] INFO  b.m.service.PaymentServiceImpl - Retrieving payment with ID: 1
01:35:01.975 [Test worker] INFO  b.m.service.PaymentServiceImpl - Payment retrieved successfully for ID: 1
01:35:01.978 [Test worker] INFO  b.m.service.PaymentServiceImpl - Creating a new payment...
01:35:01.978 [Test worker] ERROR b.m.service.PaymentServiceImpl - EntityNotFoundException: Account not found with ID: 1
01:35:01.981 [Test worker] INFO  b.m.service.PaymentServiceImpl - Creating a new payment...
01:35:01.981 [Test worker] INFO  b.m.service.PaymentServiceImpl - Payment created successfully with ID: 1
01:35:01.984 [Test worker] INFO  b.management.service.UserServiceImpl - Retrieving user with ID: 1
01:35:01.985 [Test worker] ERROR b.management.service.UserServiceImpl - EntityNotFoundException: User not found with ID: 1
01:35:01.987 [Test worker] INFO  b.management.service.UserServiceImpl - Updating user with ID: 1
01:35:01.989 [Test worker] INFO  b.management.service.UserServiceImpl - User updated successfully with ID: 1
01:35:01.990 [Test worker] INFO  b.management.service.UserServiceImpl - Deleting user with ID: 1
01:35:01.990 [Test worker] ERROR b.management.service.UserServiceImpl - EntityNotFoundException: User not found with ID: 1
01:35:01.992 [Test worker] INFO  b.management.service.UserServiceImpl - Updating user with ID: 1
01:35:01.992 [Test worker] ERROR b.management.service.UserServiceImpl - EntityNotFoundException: User not found with ID: 1
01:35:01.993 [Test worker] INFO  b.management.service.UserServiceImpl - Creating a new user...
01:35:01.993 [Test worker] INFO  b.management.service.UserServiceImpl - User created successfully with ID: 1
01:35:01.995 [Test worker] INFO  b.management.service.UserServiceImpl - Deleting user with ID: 1
01:35:01.995 [Test worker] INFO  b.management.service.UserServiceImpl - User deleted successfully with ID: 1
01:35:01.996 [Test worker] INFO  b.management.service.UserServiceImpl - Retrieving user with ID: 1
01:35:01.997 [Test worker] INFO  b.management.service.UserServiceImpl - User retrieved successfully for ID: 1
01:35:02.006 [SpringApplicationShutdownHook] INFO  o.s.o.j.LocalContainerEntityManagerFactoryBean - Closing JPA EntityManagerFactory for persistence unit 'default'
01:35:02.007 [SpringApplicationShutdownHook] INFO  com.zaxxer.hikari.HikariDataSource - HikariPool-1 - Shutdown initiated...
01:35:02.010 [SpringApplicationShutdownHook] INFO  com.zaxxer.hikari.HikariDataSource - HikariPool-1 - Shutdown completed.
01:35:02.011 [SpringApplicationShutdownHook] INFO  o.s.o.j.LocalContainerEntityManagerFactoryBean - Closing JPA EntityManagerFactory for persistence unit 'default'
01:35:02.012 [SpringApplicationShutdownHook] INFO  com.zaxxer.hikari.HikariDataSource - HikariPool-2 - Shutdown initiated...
01:35:02.168 [SpringApplicationShutdownHook] INFO  com.zaxxer.hikari.HikariDataSource - HikariPool-2 - Shutdown completed.
01:35:14.709 [Test worker] INFO  o.s.t.c.s.AnnotationConfigContextLoaderUtils - Could not detect default configuration classes for test class [banking.management.controller.UserControllerTest]: UserControllerTest does not declare any static, non-private, non-final, nested classes annotated with @Configuration.
01:35:15.467 [Test worker] INFO  o.s.t.c.s.AnnotationConfigContextLoaderUtils - Could not detect default configuration classes for test class [banking.management.ManagementApplicationTests]: ManagementApplicationTests does not declare any static, non-private, non-final, nested classes annotated with @Configuration.
01:35:15.514 [Test worker] INFO  o.s.b.t.c.SpringBootTestContextBootstrapper - Found @SpringBootConfiguration banking.management.ManagementApplication for test class banking.management.ManagementApplicationTests
01:35:15.637 [Test worker] INFO  b.m.ManagementApplicationTests - Starting ManagementApplicationTests using Java 17.0.11 with PID 67059 (started by jinesh in /Users/jinesh/Downloads/management)
01:35:15.637 [Test worker] INFO  b.m.ManagementApplicationTests - No active profile set, falling back to 1 default profile: "default"
01:35:15.637 [background-preinit] INFO  o.h.validator.internal.util.Version - HV000001: Hibernate Validator 8.0.1.Final
01:35:16.026 [Test worker] INFO  o.s.d.r.c.RepositoryConfigurationDelegate - Bootstrapping Spring Data JPA repositories in DEFAULT mode.
01:35:16.076 [Test worker] INFO  o.s.d.r.c.RepositoryConfigurationDelegate - Finished Spring Data repository scanning in 46 ms. Found 5 JPA repository interfaces.
01:35:16.269 [Test worker] INFO  o.h.jpa.internal.util.LogHelper - HHH000204: Processing PersistenceUnitInfo [name: default]
01:35:16.290 [Test worker] INFO  org.hibernate.Version - HHH000412: Hibernate ORM core version 6.4.8.Final
01:35:16.304 [Test worker] INFO  o.h.c.i.RegionFactoryInitiator - HHH000026: Second-level cache disabled
01:35:16.346 [Test worker] INFO  o.s.o.j.p.SpringPersistenceUnitInfo - No LoadTimeWeaver setup: ignoring JPA class transformer
01:35:16.357 [Test worker] INFO  com.zaxxer.hikari.HikariDataSource - HikariPool-1 - Starting...
01:35:16.715 [Test worker] INFO  com.zaxxer.hikari.pool.HikariPool - HikariPool-1 - Added connection com.mysql.cj.jdbc.ConnectionImpl@9f52eb7
01:35:16.716 [Test worker] INFO  com.zaxxer.hikari.HikariDataSource - HikariPool-1 - Start completed.
01:35:17.205 [Test worker] INFO  o.h.e.t.j.p.i.JtaPlatformInitiator - HHH000489: No JTA platform available (set 'hibernate.transaction.jta.platform' to enable JTA platform integration)
01:35:18.062 [Test worker] INFO  o.s.o.j.LocalContainerEntityManagerFactoryBean - Initialized JPA EntityManagerFactory for persistence unit 'default'
01:35:18.358 [Test worker] WARN  o.s.b.a.o.j.JpaBaseConfiguration$JpaWebConfiguration - spring.jpa.open-in-view is enabled by default. Therefore, database queries may be performed during view rendering. Explicitly configure spring.jpa.open-in-view to disable this warning
01:35:18.587 [Test worker] INFO  b.m.ManagementApplicationTests - Started ManagementApplicationTests in 3.024 seconds (process running for 4.457)
01:35:18.598 [Test worker] INFO  o.s.t.c.s.AnnotationConfigContextLoaderUtils - Could not detect default configuration classes for test class [banking.management.controller.AccountControllerTest]: AccountControllerTest does not declare any static, non-private, non-final, nested classes annotated with @Configuration.
01:35:18.621 [Test worker] INFO  b.m.controller.AccountController - Deleting account with ID: 1
01:35:18.621 [Test worker] INFO  b.m.controller.AccountController - Account deleted successfully with ID: 1
01:35:18.625 [Test worker] INFO  b.m.controller.AccountController - Deleting account with ID: 1
01:35:18.625 [Test worker] ERROR b.m.controller.AccountController - Account not found with ID: 1
01:35:18.629 [Test worker] INFO  b.m.controller.AccountController - Creating new account...
01:35:18.629 [Test worker] INFO  b.m.controller.AccountController - Account created successfully with ID: null
01:35:18.633 [Test worker] INFO  b.m.controller.AccountController - Updating account with ID: 1
01:35:18.633 [Test worker] ERROR b.m.controller.AccountController - Account not found with ID: 1
01:35:18.636 [Test worker] INFO  b.m.controller.AccountController - Creating new account...
01:35:18.637 [Test worker] ERROR b.m.controller.AccountController - Unexpected error occurred while creating the account: Unexpected error
01:35:18.640 [Test worker] INFO  b.m.controller.AccountController - Retrieving account with ID: 1
01:35:18.641 [Test worker] INFO  b.m.controller.AccountController - Account retrieved successfully for ID: 1
01:35:18.644 [Test worker] INFO  b.m.controller.AccountController - Updating account with ID: 1
01:35:18.645 [Test worker] INFO  b.m.controller.AccountController - Account updated successfully with ID: 1
01:35:18.648 [Test worker] INFO  b.m.controller.AccountController - Retrieving account with ID: 1
01:35:18.648 [Test worker] ERROR b.m.controller.AccountController - Account not found with ID: 1
01:35:18.650 [Test worker] INFO  o.s.t.c.s.AnnotationConfigContextLoaderUtils - Could not detect default configuration classes for test class [banking.management.controller.LoanControllerTest]: LoanControllerTest does not declare any static, non-private, non-final, nested classes annotated with @Configuration.
01:35:18.671 [Test worker] INFO  b.m.controller.LoanController - Creating new loan...
01:35:18.672 [Test worker] INFO  b.m.controller.LoanController - Loan created successfully with ID: null
01:35:18.677 [Test worker] INFO  b.m.controller.LoanController - Creating new loan...
01:35:18.677 [Test worker] ERROR b.m.controller.LoanController - Entity not found: Account not found
01:35:18.680 [Test worker] INFO  b.m.controller.LoanController - Deleting loan with ID: 1
01:35:18.681 [Test worker] INFO  b.m.controller.LoanController - Loan deleted successfully with ID: 1
01:35:18.683 [Test worker] INFO  b.m.controller.LoanController - Retrieving loan with ID: 1
01:35:18.684 [Test worker] INFO  b.m.controller.LoanController - Loan retrieved successfully for ID: 1
01:35:18.686 [Test worker] INFO  b.m.controller.LoanController - Updating loan with ID: 1
01:35:18.687 [Test worker] INFO  b.m.controller.LoanController - Loan updated successfully with ID: 1
01:35:18.690 [Test worker] INFO  b.m.controller.LoanController - Updating loan with ID: 1
01:35:18.690 [Test worker] ERROR b.m.controller.LoanController - Loan not found with ID: 1
01:35:18.692 [Test worker] INFO  b.m.controller.LoanController - Deleting loan with ID: 1
01:35:18.692 [Test worker] ERROR b.m.controller.LoanController - Loan not found with ID: 1
01:35:18.694 [Test worker] INFO  b.m.controller.LoanController - Retrieving loan with ID: 1
01:35:18.694 [Test worker] ERROR b.m.controller.LoanController - Loan not found with ID: 1
01:35:18.714 [Test worker] INFO  b.m.controller.PaymentController - Creating new payment...
01:35:18.714 [Test worker] ERROR b.m.controller.PaymentController - Entity not found: Account not found
01:35:18.716 [Test worker] INFO  b.m.controller.PaymentController - Retrieving payment with ID: 1
01:35:18.716 [Test worker] INFO  b.m.controller.PaymentController - Payment retrieved successfully for ID: 1
01:35:18.717 [Test worker] INFO  b.m.controller.PaymentController - Creating new payment...
01:35:18.718 [Test worker] INFO  b.m.controller.PaymentController - Payment created successfully with ID: 1
01:35:18.719 [Test worker] INFO  b.m.controller.PaymentController - Retrieving payment with ID: 1
01:35:18.719 [Test worker] ERROR b.m.controller.PaymentController - Payment not found with ID: 1
01:35:18.721 [Test worker] INFO  o.s.t.c.s.AnnotationConfigContextLoaderUtils - Could not detect default configuration classes for test class [banking.management.service.AccountServiceImplTest]: AccountServiceImplTest does not declare any static, non-private, non-final, nested classes annotated with @Configuration.
01:35:18.740 [Test worker] INFO  o.s.b.t.c.SpringBootTestContextBootstrapper - Found @SpringBootConfiguration banking.management.ManagementApplication for test class banking.management.service.AccountServiceImplTest
01:35:18.755 [Test worker] INFO  b.m.service.AccountServiceImplTest - Starting AccountServiceImplTest using Java 17.0.11 with PID 67059 (started by jinesh in /Users/jinesh/Downloads/management)
01:35:18.755 [Test worker] INFO  b.m.service.AccountServiceImplTest - No active profile set, falling back to 1 default profile: "default"
01:35:18.886 [Test worker] INFO  o.s.d.r.c.RepositoryConfigurationDelegate - Bootstrapping Spring Data JPA repositories in DEFAULT mode.
01:35:18.905 [Test worker] INFO  o.s.d.r.c.RepositoryConfigurationDelegate - Finished Spring Data repository scanning in 18 ms. Found 5 JPA repository interfaces.
01:35:18.943 [Test worker] INFO  o.h.jpa.internal.util.LogHelper - HHH000204: Processing PersistenceUnitInfo [name: default]
01:35:18.944 [Test worker] INFO  o.h.c.i.RegionFactoryInitiator - HHH000026: Second-level cache disabled
01:35:18.946 [Test worker] INFO  o.s.o.j.p.SpringPersistenceUnitInfo - No LoadTimeWeaver setup: ignoring JPA class transformer
01:35:18.947 [Test worker] INFO  com.zaxxer.hikari.HikariDataSource - HikariPool-2 - Starting...
01:35:19.218 [Test worker] INFO  com.zaxxer.hikari.pool.HikariPool - HikariPool-2 - Added connection com.mysql.cj.jdbc.ConnectionImpl@5bb0122
01:35:19.218 [Test worker] INFO  com.zaxxer.hikari.HikariDataSource - HikariPool-2 - Start completed.
01:35:19.297 [Test worker] INFO  o.h.e.t.j.p.i.JtaPlatformInitiator - HHH000489: No JTA platform available (set 'hibernate.transaction.jta.platform' to enable JTA platform integration)
01:35:20.023 [Test worker] INFO  o.s.o.j.LocalContainerEntityManagerFactoryBean - Initialized JPA EntityManagerFactory for persistence unit 'default'
01:35:20.080 [Test worker] WARN  o.s.b.a.o.j.JpaBaseConfiguration$JpaWebConfiguration - spring.jpa.open-in-view is enabled by default. Therefore, database queries may be performed during view rendering. Explicitly configure spring.jpa.open-in-view to disable this warning
01:35:20.137 [Test worker] INFO  b.m.service.AccountServiceImplTest - Started AccountServiceImplTest in 1.396 seconds (process running for 6.006)
01:35:20.232 [Test worker] INFO  b.m.service.AccountServiceImpl - Deleting account with ID: 1
01:35:20.233 [Test worker] INFO  b.m.service.AccountServiceImpl - Account deleted successfully with ID: 1
01:35:20.237 [Test worker] INFO  b.m.service.AccountServiceImpl - Creating a new account...
01:35:20.238 [Test worker] INFO  b.m.service.AccountServiceImpl - Account created successfully with ID: 1
01:35:20.243 [Test worker] INFO  b.m.service.AccountServiceImpl - Deleting account with ID: 1
01:35:20.243 [Test worker] ERROR b.m.service.AccountServiceImpl - EntityNotFoundException: Account not found with ID: 1
01:35:20.246 [Test worker] INFO  b.m.service.AccountServiceImpl - Retrieving account with ID: 1
01:35:20.247 [Test worker] INFO  b.m.service.AccountServiceImpl - Account retrieved successfully for ID: 1
01:35:20.251 [Test worker] INFO  b.m.service.AccountServiceImpl - Updating account with ID: 1
01:35:20.252 [Test worker] INFO  b.m.service.AccountServiceImpl - Account updated successfully with ID: 1
01:35:20.256 [Test worker] INFO  b.m.service.AccountServiceImpl - Creating a new account...
01:35:20.256 [Test worker] ERROR b.m.service.AccountServiceImpl - EntityNotFoundException: Details not found for IFSC: ICIC0000010
01:35:20.260 [Test worker] INFO  b.m.service.AccountServiceImpl - Retrieving account with ID: 1
01:35:20.261 [Test worker] ERROR b.m.service.AccountServiceImpl - EntityNotFoundException: Account not found with ID: 1
01:35:20.263 [Test worker] INFO  o.s.t.c.s.AnnotationConfigContextLoaderUtils - Could not detect default configuration classes for test class [banking.management.service.LoanServiceImplTest]: LoanServiceImplTest does not declare any static, non-private, non-final, nested classes annotated with @Configuration.
01:35:20.293 [Test worker] INFO  b.management.service.LoanServiceImpl - Creating a new loan...
01:35:20.294 [Test worker] INFO  b.management.service.LoanServiceImpl - Loan created successfully with ID: 1
01:35:20.297 [Test worker] INFO  b.management.service.LoanServiceImpl - Deleting loan with ID: 1
01:35:20.297 [Test worker] INFO  b.management.service.LoanServiceImpl - Loan deleted successfully with ID: 1
01:35:20.300 [Test worker] INFO  b.management.service.LoanServiceImpl - Retrieving loan with ID: 1
01:35:20.301 [Test worker] INFO  b.management.service.LoanServiceImpl - Loan retrieved successfully for ID: 1
01:35:20.304 [Test worker] INFO  b.management.service.LoanServiceImpl - Creating a new loan...
01:35:20.304 [Test worker] INFO  b.management.service.LoanServiceImpl - Loan created successfully with ID: 1
01:35:20.308 [Test worker] INFO  b.management.service.LoanServiceImpl - Updating loan with ID: 1
01:35:20.308 [Test worker] ERROR b.management.service.LoanServiceImpl - EntityNotFoundException: Loan not found with ID: 1
01:35:20.312 [Test worker] INFO  b.management.service.LoanServiceImpl - Deleting loan with ID: 1
01:35:20.313 [Test worker] ERROR b.management.service.LoanServiceImpl - EntityNotFoundException: Loan not found with ID: 1
jakarta.persistence.EntityNotFoundException: Loan not found with ID: 1
	at banking.management.service.LoanServiceImpl.deleteLoan(LoanServiceImpl.java:140)
	at banking.management.service.LoanServiceImplTest.lambda$testDeleteLoan_LoanNotFound$2(LoanServiceImplTest.java:230)
	at org.junit.jupiter.api.AssertThrows.assertThrows(AssertThrows.java:53)
	at org.junit.jupiter.api.AssertThrows.assertThrows(AssertThrows.java:35)
	at org.junit.jupiter.api.Assertions.assertThrows(Assertions.java:3115)
	at banking.management.service.LoanServiceImplTest.testDeleteLoan_LoanNotFound(LoanServiceImplTest.java:229)
	at java.base/jdk.internal.reflect.NativeMethodAccessorImpl.invoke0(Native Method)
	at java.base/jdk.internal.reflect.NativeMethodAccessorImpl.invoke(NativeMethodAccessorImpl.java:77)
	at java.base/jdk.internal.reflect.DelegatingMethodAccessorImpl.invoke(DelegatingMethodAccessorImpl.java:43)
	at java.base/java.lang.reflect.Method.invoke(Method.java:568)
	at org.junit.platform.commons.util.ReflectionUtils.invokeMethod(ReflectionUtils.java:728)
	at org.junit.jupiter.engine.execution.MethodInvocation.proceed(MethodInvocation.java:60)
	at org.junit.jupiter.engine.execution.InvocationInterceptorChain$ValidatingInvocation.proceed(InvocationInterceptorChain.java:131)
	at org.junit.jupiter.engine.extension.TimeoutExtension.intercept(TimeoutExtension.java:156)
	at org.junit.jupiter.engine.extension.TimeoutExtension.interceptTestableMethod(TimeoutExtension.java:147)
	at org.junit.jupiter.engine.extension.TimeoutExtension.interceptTestMethod(TimeoutExtension.java:86)
	at org.junit.jupiter.engine.execution.InterceptingExecutableInvoker$ReflectiveInterceptorCall.lambda$ofVoidMethod$0(InterceptingExecutableInvoker.java:103)
	at org.junit.jupiter.engine.execution.InterceptingExecutableInvoker.lambda$invoke$0(InterceptingExecutableInvoker.java:93)
	at org.junit.jupiter.engine.execution.InvocationInterceptorChain$InterceptedInvocation.proceed(InvocationInterceptorChain.java:106)
	at org.junit.jupiter.engine.execution.InvocationInterceptorChain.proceed(InvocationInterceptorChain.java:64)
	at org.junit.jupiter.engine.execution.InvocationInterceptorChain.chainAndInvoke(InvocationInterceptorChain.java:45)
	at org.junit.jupiter.engine.execution.InvocationInterceptorChain.invoke(InvocationInterceptorChain.java:37)
	at org.junit.jupiter.engine.execution.InterceptingExecutableInvoker.invoke(InterceptingExecutableInvoker.java:92)
	at org.junit.jupiter.engine.execution.InterceptingExecutableInvoker.invoke(InterceptingExecutableInvoker.java:86)
	at org.junit.jupiter.engine.descriptor.TestMethodTestDescriptor.lambda$invokeTestMethod$7(TestMethodTestDescriptor.java:218)
	at org.junit.platform.engine.support.hierarchical.ThrowableCollector.execute(ThrowableCollector.java:73)
	at org.junit.jupiter.engine.descriptor.TestMethodTestDescriptor.invokeTestMethod(TestMethodTestDescriptor.java:214)
	at org.junit.jupiter.engine.descriptor.TestMethodTestDescriptor.execute(TestMethodTestDescriptor.java:139)
	at org.junit.jupiter.engine.descriptor.TestMethodTestDescriptor.execute(TestMethodTestDescriptor.java:69)
	at org.junit.platform.engine.support.hierarchical.NodeTestTask.lambda$executeRecursively$6(NodeTestTask.java:151)
	at org.junit.platform.engine.support.hierarchical.ThrowableCollector.execute(ThrowableCollector.java:73)
	at org.junit.platform.engine.support.hierarchical.NodeTestTask.lambda$executeRecursively$8(NodeTestTask.java:141)
	at org.junit.platform.engine.support.hierarchical.Node.around(Node.java:137)
	at org.junit.platform.engine.support.hierarchical.NodeTestTask.lambda$executeRecursively$9(NodeTestTask.java:139)
	at org.junit.platform.engine.support.hierarchical.ThrowableCollector.execute(ThrowableCollector.java:73)
	at org.junit.platform.engine.support.hierarchical.NodeTestTask.executeRecursively(NodeTestTask.java:138)
	at org.junit.platform.engine.support.hierarchical.NodeTestTask.execute(NodeTestTask.java:95)
	at java.base/java.util.ArrayList.forEach(ArrayList.java:1511)
	at org.junit.platform.engine.support.hierarchical.SameThreadHierarchicalTestExecutorService.invokeAll(SameThreadHierarchicalTestExecutorService.java:41)
	at org.junit.platform.engine.support.hierarchical.NodeTestTask.lambda$executeRecursively$6(NodeTestTask.java:155)
	at org.junit.platform.engine.support.hierarchical.ThrowableCollector.execute(ThrowableCollector.java:73)
	at org.junit.platform.engine.support.hierarchical.NodeTestTask.lambda$executeRecursively$8(NodeTestTask.java:141)
	at org.junit.platform.engine.support.hierarchical.Node.around(Node.java:137)
	at org.junit.platform.engine.support.hierarchical.NodeTestTask.lambda$executeRecursively$9(NodeTestTask.java:139)
	at org.junit.platform.engine.support.hierarchical.ThrowableCollector.execute(ThrowableCollector.java:73)
	at org.junit.platform.engine.support.hierarchical.NodeTestTask.executeRecursively(NodeTestTask.java:138)
	at org.junit.platform.engine.support.hierarchical.NodeTestTask.execute(NodeTestTask.java:95)
	at java.base/java.util.ArrayList.forEach(ArrayList.java:1511)
	at org.junit.platform.engine.support.hierarchical.SameThreadHierarchicalTestExecutorService.invokeAll(SameThreadHierarchicalTestExecutorService.java:41)
	at org.junit.platform.engine.support.hierarchical.NodeTestTask.lambda$executeRecursively$6(NodeTestTask.java:155)
	at org.junit.platform.engine.support.hierarchical.ThrowableCollector.execute(ThrowableCollector.java:73)
	at org.junit.platform.engine.support.hierarchical.NodeTestTask.lambda$executeRecursively$8(NodeTestTask.java:141)
	at org.junit.platform.engine.support.hierarchical.Node.around(Node.java:137)
	at org.junit.platform.engine.support.hierarchical.NodeTestTask.lambda$executeRecursively$9(NodeTestTask.java:139)
	at org.junit.platform.engine.support.hierarchical.ThrowableCollector.execute(ThrowableCollector.java:73)
	at org.junit.platform.engine.support.hierarchical.NodeTestTask.executeRecursively(NodeTestTask.java:138)
	at org.junit.platform.engine.support.hierarchical.NodeTestTask.execute(NodeTestTask.java:95)
	at org.junit.platform.engine.support.hierarchical.SameThreadHierarchicalTestExecutorService.submit(SameThreadHierarchicalTestExecutorService.java:35)
	at org.junit.platform.engine.support.hierarchical.HierarchicalTestExecutor.execute(HierarchicalTestExecutor.java:57)
	at org.junit.platform.engine.support.hierarchical.HierarchicalTestEngine.execute(HierarchicalTestEngine.java:54)
	at org.junit.platform.launcher.core.EngineExecutionOrchestrator.execute(EngineExecutionOrchestrator.java:198)
	at org.junit.platform.launcher.core.EngineExecutionOrchestrator.execute(EngineExecutionOrchestrator.java:169)
	at org.junit.platform.launcher.core.EngineExecutionOrchestrator.execute(EngineExecutionOrchestrator.java:93)
	at org.junit.platform.launcher.core.EngineExecutionOrchestrator.lambda$execute$0(EngineExecutionOrchestrator.java:58)
	at org.junit.platform.launcher.core.EngineExecutionOrchestrator.withInterceptedStreams(EngineExecutionOrchestrator.java:141)
	at org.junit.platform.launcher.core.EngineExecutionOrchestrator.execute(EngineExecutionOrchestrator.java:57)
	at org.junit.platform.launcher.core.DefaultLauncher.execute(DefaultLauncher.java:103)
	at org.junit.platform.launcher.core.DefaultLauncher.execute(DefaultLauncher.java:85)
	at org.junit.platform.launcher.core.DelegatingLauncher.execute(DelegatingLauncher.java:47)
	at org.gradle.api.internal.tasks.testing.junitplatform.JUnitPlatformTestClassProcessor$CollectAllTestClassesExecutor.processAllTestClasses(JUnitPlatformTestClassProcessor.java:119)
	at org.gradle.api.internal.tasks.testing.junitplatform.JUnitPlatformTestClassProcessor$CollectAllTestClassesExecutor.access$000(JUnitPlatformTestClassProcessor.java:94)
	at org.gradle.api.internal.tasks.testing.junitplatform.JUnitPlatformTestClassProcessor.stop(JUnitPlatformTestClassProcessor.java:89)
	at org.gradle.api.internal.tasks.testing.SuiteTestClassProcessor.stop(SuiteTestClassProcessor.java:62)
	at java.base/jdk.internal.reflect.NativeMethodAccessorImpl.invoke0(Native Method)
	at java.base/jdk.internal.reflect.NativeMethodAccessorImpl.invoke(NativeMethodAccessorImpl.java:77)
	at java.base/jdk.internal.reflect.DelegatingMethodAccessorImpl.invoke(DelegatingMethodAccessorImpl.java:43)
	at java.base/java.lang.reflect.Method.invoke(Method.java:568)
	at org.gradle.internal.dispatch.ReflectionDispatch.dispatch(ReflectionDispatch.java:36)
	at org.gradle.internal.dispatch.ReflectionDispatch.dispatch(ReflectionDispatch.java:24)
	at org.gradle.internal.dispatch.ContextClassLoaderDispatch.dispatch(ContextClassLoaderDispatch.java:33)
	at org.gradle.internal.dispatch.ProxyDispatchAdapter$DispatchingInvocationHandler.invoke(ProxyDispatchAdapter.java:94)
	at jdk.proxy1/jdk.proxy1.$Proxy2.stop(Unknown Source)
	at org.gradle.api.internal.tasks.testing.worker.TestWorker$3.run(TestWorker.java:193)
	at org.gradle.api.internal.tasks.testing.worker.TestWorker.executeAndMaintainThreadName(TestWorker.java:129)
	at org.gradle.api.internal.tasks.testing.worker.TestWorker.execute(TestWorker.java:100)
	at org.gradle.api.internal.tasks.testing.worker.TestWorker.execute(TestWorker.java:60)
	at org.gradle.process.internal.worker.child.ActionExecutionWorker.execute(ActionExecutionWorker.java:56)
	at org.gradle.process.internal.worker.child.SystemApplicationClassLoaderWorker.call(SystemApplicationClassLoaderWorker.java:119)
	at org.gradle.process.internal.worker.child.SystemApplicationClassLoaderWorker.call(SystemApplicationClassLoaderWorker.java:66)
	at worker.org.gradle.process.internal.worker.GradleWorkerMain.run(GradleWorkerMain.java:69)
	at worker.org.gradle.process.internal.worker.GradleWorkerMain.main(GradleWorkerMain.java:74)
01:35:20.321 [Test worker] INFO  b.management.service.LoanServiceImpl - Retrieving loan with ID: 1
01:35:20.322 [Test worker] ERROR b.management.service.LoanServiceImpl - EntityNotFoundException: Loan not found with ID: 1
01:35:20.323 [Test worker] INFO  o.s.t.c.s.AnnotationConfigContextLoaderUtils - Could not detect default configuration classes for test class [banking.management.service.PaymentServiceImplTest]: PaymentServiceImplTest does not declare any static, non-private, non-final, nested classes annotated with @Configuration.
01:35:20.354 [Test worker] INFO  b.m.service.PaymentServiceImpl - Retrieving payment with ID: 1
01:35:20.354 [Test worker] ERROR b.m.service.PaymentServiceImpl - EntityNotFoundException: Payment not found with ID: 1
01:35:20.356 [Test worker] INFO  b.m.service.PaymentServiceImpl - Retrieving payment with ID: 1
01:35:20.356 [Test worker] INFO  b.m.service.PaymentServiceImpl - Payment retrieved successfully for ID: 1
01:35:20.359 [Test worker] INFO  b.m.service.PaymentServiceImpl - Creating a new payment...
01:35:20.359 [Test worker] ERROR b.m.service.PaymentServiceImpl - EntityNotFoundException: Account not found with ID: 1
01:35:20.361 [Test worker] INFO  b.m.service.PaymentServiceImpl - Creating a new payment...
01:35:20.362 [Test worker] INFO  b.m.service.PaymentServiceImpl - Payment created successfully with ID: 1
01:35:20.364 [Test worker] INFO  b.management.service.UserServiceImpl - Retrieving user with ID: 1
01:35:20.365 [Test worker] ERROR b.management.service.UserServiceImpl - EntityNotFoundException: User not found with ID: 1
01:35:20.366 [Test worker] INFO  b.management.service.UserServiceImpl - Updating user with ID: 1
01:35:20.368 [Test worker] INFO  b.management.service.UserServiceImpl - User updated successfully with ID: 1
01:35:20.370 [Test worker] INFO  b.management.service.UserServiceImpl - Deleting user with ID: 1
01:35:20.370 [Test worker] ERROR b.management.service.UserServiceImpl - EntityNotFoundException: User not found with ID: 1
01:35:20.372 [Test worker] INFO  b.management.service.UserServiceImpl - Updating user with ID: 1
01:35:20.372 [Test worker] ERROR b.management.service.UserServiceImpl - EntityNotFoundException: User not found with ID: 1
01:35:20.373 [Test worker] INFO  b.management.service.UserServiceImpl - Creating a new user...
01:35:20.374 [Test worker] INFO  b.management.service.UserServiceImpl - User created successfully with ID: 1
01:35:20.375 [Test worker] INFO  b.management.service.UserServiceImpl - Deleting user with ID: 1
01:35:20.375 [Test worker] INFO  b.management.service.UserServiceImpl - User deleted successfully with ID: 1
01:35:20.377 [Test worker] INFO  b.management.service.UserServiceImpl - Retrieving user with ID: 1
01:35:20.377 [Test worker] INFO  b.management.service.UserServiceImpl - User retrieved successfully for ID: 1
01:35:20.384 [SpringApplicationShutdownHook] INFO  o.s.o.j.LocalContainerEntityManagerFactoryBean - Closing JPA EntityManagerFactory for persistence unit 'default'
01:35:20.385 [SpringApplicationShutdownHook] INFO  com.zaxxer.hikari.HikariDataSource - HikariPool-1 - Shutdown initiated...
01:35:20.388 [SpringApplicationShutdownHook] INFO  com.zaxxer.hikari.HikariDataSource - HikariPool-1 - Shutdown completed.
01:35:20.390 [SpringApplicationShutdownHook] INFO  o.s.o.j.LocalContainerEntityManagerFactoryBean - Closing JPA EntityManagerFactory for persistence unit 'default'
01:35:20.390 [SpringApplicationShutdownHook] INFO  com.zaxxer.hikari.HikariDataSource - HikariPool-2 - Shutdown initiated...
01:35:20.530 [SpringApplicationShutdownHook] INFO  com.zaxxer.hikari.HikariDataSource - HikariPool-2 - Shutdown completed.
