14:28:04.501 [background-preinit] INFO  o.h.validator.internal.util.Version - HV000001: Hibernate Validator 8.0.1.Final
14:28:04.520 [main] INFO  b.management.ManagementApplication - Starting ManagementApplication using Java 17.0.11 with PID 83184 (/Users/jinesh/Downloads/management/build/classes/java/main started by jinesh in /Users/jinesh/Downloads/management)
14:28:04.520 [main] INFO  b.management.ManagementApplication - No active profile set, falling back to 1 default profile: "default"
14:28:04.952 [main] INFO  o.s.d.r.c.RepositoryConfigurationDelegate - Multiple Spring Data modules found, entering strict repository configuration mode
14:28:04.953 [main] INFO  o.s.d.r.c.RepositoryConfigurationDelegate - Bootstrapping Spring Data JPA repositories in DEFAULT mode.
14:28:05.052 [main] INFO  o.s.d.r.c.RepositoryConfigurationDelegate - Finished Spring Data repository scanning in 96 ms. Found 5 JPA repository interfaces.
14:28:05.061 [main] INFO  o.s.d.r.c.RepositoryConfigurationDelegate - Multiple Spring Data modules found, entering strict repository configuration mode
14:28:05.062 [main] INFO  o.s.d.r.c.RepositoryConfigurationDelegate - Bootstrapping Spring Data Redis repositories in DEFAULT mode.
14:28:05.069 [main] INFO  o.s.d.r.c.RepositoryConfigurationExtensionSupport - Spring Data Redis - Could not safely identify store assignment for repository candidate interface banking.management.repository.AccountRepository; If you want this repository to be a Redis repository, consider annotating your entities with one of these annotations: org.springframework.data.redis.core.RedisHash (preferred), or consider extending one of the following types with your repository: org.springframework.data.keyvalue.repository.KeyValueRepository
14:28:05.069 [main] INFO  o.s.d.r.c.RepositoryConfigurationExtensionSupport - Spring Data Redis - Could not safely identify store assignment for repository candidate interface banking.management.repository.DetailsRepository; If you want this repository to be a Redis repository, consider annotating your entities with one of these annotations: org.springframework.data.redis.core.RedisHash (preferred), or consider extending one of the following types with your repository: org.springframework.data.keyvalue.repository.KeyValueRepository
14:28:05.069 [main] INFO  o.s.d.r.c.RepositoryConfigurationExtensionSupport - Spring Data Redis - Could not safely identify store assignment for repository candidate interface banking.management.repository.LoanRepository; If you want this repository to be a Redis repository, consider annotating your entities with one of these annotations: org.springframework.data.redis.core.RedisHash (preferred), or consider extending one of the following types with your repository: org.springframework.data.keyvalue.repository.KeyValueRepository
14:28:05.069 [main] INFO  o.s.d.r.c.RepositoryConfigurationExtensionSupport - Spring Data Redis - Could not safely identify store assignment for repository candidate interface banking.management.repository.PaymentRepository; If you want this repository to be a Redis repository, consider annotating your entities with one of these annotations: org.springframework.data.redis.core.RedisHash (preferred), or consider extending one of the following types with your repository: org.springframework.data.keyvalue.repository.KeyValueRepository
14:28:05.069 [main] INFO  o.s.d.r.c.RepositoryConfigurationExtensionSupport - Spring Data Redis - Could not safely identify store assignment for repository candidate interface banking.management.repository.UserRepository; If you want this repository to be a Redis repository, consider annotating your entities with one of these annotations: org.springframework.data.redis.core.RedisHash (preferred), or consider extending one of the following types with your repository: org.springframework.data.keyvalue.repository.KeyValueRepository
14:28:05.069 [main] INFO  o.s.d.r.c.RepositoryConfigurationDelegate - Finished Spring Data repository scanning in 3 ms. Found 0 Redis repository interfaces.
14:28:05.331 [main] INFO  o.s.b.w.e.tomcat.TomcatWebServer - Tomcat initialized with port 8080 (http)
14:28:05.336 [main] INFO  o.a.coyote.http11.Http11NioProtocol - Initializing ProtocolHandler ["http-nio-8080"]
14:28:05.337 [main] INFO  o.a.catalina.core.StandardService - Starting service [Tomcat]
14:28:05.337 [main] INFO  o.a.catalina.core.StandardEngine - Starting Servlet engine: [Apache Tomcat/10.1.24]
14:28:05.366 [main] INFO  o.a.c.c.C.[Tomcat].[localhost].[/] - Initializing Spring embedded WebApplicationContext
14:28:05.366 [main] INFO  o.s.b.w.s.c.ServletWebServerApplicationContext - Root WebApplicationContext: initialization completed in 826 ms
14:28:05.439 [main] INFO  o.h.jpa.internal.util.LogHelper - HHH000204: Processing PersistenceUnitInfo [name: default]
14:28:05.467 [main] INFO  org.hibernate.Version - HHH000412: Hibernate ORM core version 6.4.8.Final
14:28:05.482 [main] INFO  o.h.c.i.RegionFactoryInitiator - HHH000026: Second-level cache disabled
14:28:05.604 [main] INFO  o.s.o.j.p.SpringPersistenceUnitInfo - No LoadTimeWeaver setup: ignoring JPA class transformer
14:28:05.619 [main] INFO  com.zaxxer.hikari.HikariDataSource - HikariPool-1 - Starting...
14:28:06.003 [main] INFO  com.zaxxer.hikari.pool.HikariPool - HikariPool-1 - Added connection com.mysql.cj.jdbc.ConnectionImpl@7e20f4e3
14:28:06.007 [main] INFO  com.zaxxer.hikari.HikariDataSource - HikariPool-1 - Start completed.
14:28:06.603 [main] INFO  o.h.e.t.j.p.i.JtaPlatformInitiator - HHH000489: No JTA platform available (set 'hibernate.transaction.jta.platform' to enable JTA platform integration)
14:28:07.469 [main] INFO  o.s.o.j.LocalContainerEntityManagerFactoryBean - Initialized JPA EntityManagerFactory for persistence unit 'default'
14:28:07.833 [main] WARN  o.s.b.a.o.j.JpaBaseConfiguration$JpaWebConfiguration - spring.jpa.open-in-view is enabled by default. Therefore, database queries may be performed during view rendering. Explicitly configure spring.jpa.open-in-view to disable this warning
14:28:08.117 [main] INFO  o.a.coyote.http11.Http11NioProtocol - Starting ProtocolHandler ["http-nio-8080"]
14:28:08.126 [main] INFO  o.s.b.w.e.tomcat.TomcatWebServer - Tomcat started on port 8080 (http) with context path ''
14:28:08.135 [main] INFO  b.management.ManagementApplication - Started ManagementApplication in 3.755 seconds (process running for 4.237)
14:28:13.092 [http-nio-8080-exec-2] INFO  o.a.c.c.C.[Tomcat].[localhost].[/] - Initializing Spring DispatcherServlet 'dispatcherServlet'
14:28:13.092 [http-nio-8080-exec-2] INFO  o.s.web.servlet.DispatcherServlet - Initializing Servlet 'dispatcherServlet'
14:28:13.093 [http-nio-8080-exec-2] INFO  o.s.web.servlet.DispatcherServlet - Completed initialization in 1 ms
14:28:13.113 [http-nio-8080-exec-2] INFO  b.m.controller.LoanController - Retrieving loan with ID: 2
14:28:13.114 [http-nio-8080-exec-2] INFO  b.management.service.LoanServiceImpl - Retrieving loan with ID: 2
14:28:13.339 [http-nio-8080-exec-2] INFO  b.management.service.LoanServiceImpl - Loan retrieved successfully for ID: 2
14:28:13.339 [http-nio-8080-exec-2] INFO  b.m.controller.LoanController - Loan retrieved successfully for ID: 2
14:28:16.285 [http-nio-8080-exec-3] INFO  b.m.controller.LoanController - Retrieving loan with ID: 1
14:28:16.285 [http-nio-8080-exec-3] INFO  b.management.service.LoanServiceImpl - Retrieving loan with ID: 1
14:28:16.479 [http-nio-8080-exec-3] ERROR b.management.service.LoanServiceImpl - EntityNotFoundException: Loan not found with ID: 1
14:28:16.480 [http-nio-8080-exec-3] ERROR b.m.controller.LoanController - Loan not found with ID: 1
14:28:18.823 [http-nio-8080-exec-4] INFO  b.m.controller.LoanController - Retrieving loan with ID: 3
14:28:18.824 [http-nio-8080-exec-4] INFO  b.management.service.LoanServiceImpl - Retrieving loan with ID: 3
14:28:19.013 [http-nio-8080-exec-4] INFO  b.management.service.LoanServiceImpl - Loan retrieved successfully for ID: 3
14:28:19.014 [http-nio-8080-exec-4] INFO  b.m.controller.LoanController - Loan retrieved successfully for ID: 3
