22:04:11.422 [Test worker] INFO  o.s.t.c.s.AnnotationConfigContextLoaderUtils - Could not detect default configuration classes for test class [banking.management.ManagementApplicationTests]: ManagementApplicationTests does not declare any static, non-private, non-final, nested classes annotated with @Configuration.
22:04:11.560 [Test worker] INFO  o.s.b.t.c.SpringBootTestContextBootstrapper - Found @SpringBootConfiguration banking.management.ManagementApplication for test class banking.management.ManagementApplicationTests
22:04:11.841 [background-preinit] INFO  o.h.validator.internal.util.Version - HV000001: Hibernate Validator 8.0.1.Final
22:04:11.895 [Test worker] INFO  b.m.ManagementApplicationTests - Starting ManagementApplicationTests using Java 17.0.11 with PID 4098 (started by jinesh in /Users/jinesh/Downloads/management)
22:04:11.896 [Test worker] INFO  b.m.ManagementApplicationTests - No active profile set, falling back to 1 default profile: "default"
22:04:12.641 [Test worker] INFO  o.s.d.r.c.RepositoryConfigurationDelegate - Bootstrapping Spring Data JPA repositories in DEFAULT mode.
22:04:12.720 [Test worker] INFO  o.s.d.r.c.RepositoryConfigurationDelegate - Finished Spring Data repository scanning in 73 ms. Found 5 JPA repository interfaces.
22:04:13.100 [Test worker] INFO  o.h.jpa.internal.util.LogHelper - HHH000204: Processing PersistenceUnitInfo [name: default]
22:04:13.156 [Test worker] INFO  org.hibernate.Version - HHH000412: Hibernate ORM core version 6.4.8.Final
22:04:13.190 [Test worker] INFO  o.h.c.i.RegionFactoryInitiator - HHH000026: Second-level cache disabled
22:04:13.412 [Test worker] INFO  o.s.o.j.p.SpringPersistenceUnitInfo - No LoadTimeWeaver setup: ignoring JPA class transformer
22:04:13.438 [Test worker] INFO  com.zaxxer.hikari.HikariDataSource - HikariPool-1 - Starting...
22:04:13.928 [Test worker] INFO  com.zaxxer.hikari.pool.HikariPool - HikariPool-1 - Added connection com.mysql.cj.jdbc.ConnectionImpl@6365761f
22:04:13.930 [Test worker] INFO  com.zaxxer.hikari.HikariDataSource - HikariPool-1 - Start completed.
22:04:14.977 [Test worker] INFO  o.h.e.t.j.p.i.JtaPlatformInitiator - HHH000489: No JTA platform available (set 'hibernate.transaction.jta.platform' to enable JTA platform integration)
22:04:15.923 [Test worker] INFO  o.s.o.j.LocalContainerEntityManagerFactoryBean - Initialized JPA EntityManagerFactory for persistence unit 'default'
22:04:16.420 [Test worker] WARN  o.s.b.a.o.j.JpaBaseConfiguration$JpaWebConfiguration - spring.jpa.open-in-view is enabled by default. Therefore, database queries may be performed during view rendering. Explicitly configure spring.jpa.open-in-view to disable this warning
22:04:16.808 [Test worker] INFO  b.m.ManagementApplicationTests - Started ManagementApplicationTests in 5.112 seconds (process running for 6.413)
22:04:17.269 [Test worker] INFO  o.s.t.c.s.AnnotationConfigContextLoaderUtils - Could not detect default configuration classes for test class [banking.management.controller.AccountControllerTest]: AccountControllerTest does not declare any static, non-private, non-final, nested classes annotated with @Configuration.
22:04:17.345 [Test worker] INFO  b.m.controller.AccountController - Deleting account with ID: 1
22:04:17.349 [Test worker] INFO  b.m.controller.AccountController - Account deleted successfully with ID: 1
22:04:17.362 [Test worker] INFO  b.m.controller.AccountController - Deleting account with ID: 1
22:04:17.362 [Test worker] ERROR b.m.controller.AccountController - Account not found with ID: 1
22:04:17.369 [Test worker] INFO  b.m.controller.AccountController - Creating new account...
22:04:17.370 [Test worker] INFO  b.m.controller.AccountController - Account created successfully with ID: null
22:04:17.374 [Test worker] INFO  b.m.controller.AccountController - Updating account with ID: 1
22:04:17.375 [Test worker] ERROR b.m.controller.AccountController - Account not found with ID: 1
22:04:17.378 [Test worker] INFO  b.m.controller.AccountController - Creating new account...
22:04:17.379 [Test worker] ERROR b.m.controller.AccountController - Unexpected error occurred while creating the account: Unexpected error
22:04:17.382 [Test worker] INFO  b.m.controller.AccountController - Retrieving account with ID: 1
22:04:17.383 [Test worker] INFO  b.m.controller.AccountController - Account retrieved successfully for ID: 1
22:04:17.387 [Test worker] INFO  b.m.controller.AccountController - Updating account with ID: 1
22:04:17.387 [Test worker] INFO  b.m.controller.AccountController - Account updated successfully with ID: 1
22:04:17.390 [Test worker] INFO  b.m.controller.AccountController - Retrieving account with ID: 1
22:04:17.390 [Test worker] ERROR b.m.controller.AccountController - Account not found with ID: 1
22:04:17.392 [Test worker] INFO  o.s.t.c.s.AnnotationConfigContextLoaderUtils - Could not detect default configuration classes for test class [banking.management.controller.LoanControllerTest]: LoanControllerTest does not declare any static, non-private, non-final, nested classes annotated with @Configuration.
22:04:17.423 [Test worker] INFO  b.m.controller.LoanController - Creating new loan...
22:04:17.423 [Test worker] INFO  b.m.controller.LoanController - Loan created successfully with ID: null
22:04:17.431 [Test worker] INFO  b.m.controller.LoanController - Creating new loan...
22:04:17.432 [Test worker] ERROR b.m.controller.LoanController - Entity not found: Account not found
22:04:17.435 [Test worker] INFO  b.m.controller.LoanController - Deleting loan with ID: 1
22:04:17.435 [Test worker] INFO  b.m.controller.LoanController - Loan deleted successfully with ID: 1
22:04:17.438 [Test worker] INFO  b.m.controller.LoanController - Retrieving loan with ID: 1
22:04:17.439 [Test worker] INFO  b.m.controller.LoanController - Loan retrieved successfully for ID: 1
22:04:17.443 [Test worker] INFO  b.m.controller.LoanController - Updating loan with ID: 1
22:04:17.443 [Test worker] INFO  b.m.controller.LoanController - Loan updated successfully with ID: 1
22:04:17.447 [Test worker] INFO  b.m.controller.LoanController - Updating loan with ID: 1
22:04:17.448 [Test worker] ERROR b.m.controller.LoanController - Loan not found with ID: 1
22:04:17.451 [Test worker] INFO  b.m.controller.LoanController - Deleting loan with ID: 1
22:04:17.451 [Test worker] ERROR b.m.controller.LoanController - Loan not found with ID: 1
22:04:17.454 [Test worker] INFO  b.m.controller.LoanController - Retrieving loan with ID: 1
22:04:17.454 [Test worker] ERROR b.m.controller.LoanController - Loan not found with ID: 1
22:04:17.480 [Test worker] INFO  b.m.controller.PaymentController - Creating new payment...
22:04:17.481 [Test worker] ERROR b.m.controller.PaymentController - Entity not found: Account not found
22:04:17.482 [Test worker] INFO  b.m.controller.PaymentController - Retrieving payment with ID: 1
22:04:17.483 [Test worker] INFO  b.m.controller.PaymentController - Payment retrieved successfully for ID: 1
22:04:17.484 [Test worker] INFO  b.m.controller.PaymentController - Creating new payment...
22:04:17.485 [Test worker] INFO  b.m.controller.PaymentController - Payment created successfully with ID: 1
22:04:17.486 [Test worker] INFO  b.m.controller.PaymentController - Retrieving payment with ID: 1
22:04:17.486 [Test worker] ERROR b.m.controller.PaymentController - Payment not found with ID: 1
22:04:17.489 [Test worker] INFO  o.s.t.c.s.AnnotationConfigContextLoaderUtils - Could not detect default configuration classes for test class [banking.management.controller.UserControllerTest]: UserControllerTest does not declare any static, non-private, non-final, nested classes annotated with @Configuration.
22:04:17.516 [Test worker] INFO  b.m.controller.UserController - Creating new user...
22:04:17.517 [Test worker] ERROR b.m.controller.UserController - Unexpected error occurred while creating the user: Unexpected error
22:04:17.520 [Test worker] INFO  b.m.controller.UserController - Retrieving user with ID: 1
22:04:17.520 [Test worker] ERROR b.m.controller.UserController - User not found with ID: 1
jakarta.persistence.EntityNotFoundException: User not found with ID: 1
	at banking.management.controller.UserController.getUserById(UserController.java:78)
	at banking.management.controller.UserControllerTest.testGetUserById_NotFound(UserControllerTest.java:106)
	at java.base/jdk.internal.reflect.NativeMethodAccessorImpl.invoke0(Native Method)
	at java.base/jdk.internal.reflect.NativeMethodAccessorImpl.invoke(NativeMethodAccessorImpl.java:77)
	at java.base/jdk.internal.reflect.DelegatingMethodAccessorImpl.invoke(DelegatingMethodAccessorImpl.java:43)
	at java.base/java.lang.reflect.Method.invoke(Method.java:568)
	at org.junit.platform.commons.util.ReflectionUtils.invokeMethod(ReflectionUtils.java:728)
	at org.junit.jupiter.engine.execution.MethodInvocation.proceed(MethodInvocation.java:60)
	at org.junit.jupiter.engine.execution.InvocationInterceptorChain$ValidatingInvocation.proceed(InvocationInterceptorChain.java:131)
	at org.junit.jupiter.engine.extension.TimeoutExtension.intercept(TimeoutExtension.java:156)
	at org.junit.jupiter.engine.extension.TimeoutExtension.interceptTestableMethod(TimeoutExtension.java:147)
	at org.junit.jupiter.engine.extension.TimeoutExtension.interceptTestMethod(TimeoutExtension.java:86)
	at org.junit.jupiter.engine.execution.InterceptingExecutableInvoker$ReflectiveInterceptorCall.lambda$ofVoidMethod$0(InterceptingExecutableInvoker.java:103)
	at org.junit.jupiter.engine.execution.InterceptingExecutableInvoker.lambda$invoke$0(InterceptingExecutableInvoker.java:93)
	at org.junit.jupiter.engine.execution.InvocationInterceptorChain$InterceptedInvocation.proceed(InvocationInterceptorChain.java:106)
	at org.junit.jupiter.engine.execution.InvocationInterceptorChain.proceed(InvocationInterceptorChain.java:64)
	at org.junit.jupiter.engine.execution.InvocationInterceptorChain.chainAndInvoke(InvocationInterceptorChain.java:45)
	at org.junit.jupiter.engine.execution.InvocationInterceptorChain.invoke(InvocationInterceptorChain.java:37)
	at org.junit.jupiter.engine.execution.InterceptingExecutableInvoker.invoke(InterceptingExecutableInvoker.java:92)
	at org.junit.jupiter.engine.execution.InterceptingExecutableInvoker.invoke(InterceptingExecutableInvoker.java:86)
	at org.junit.jupiter.engine.descriptor.TestMethodTestDescriptor.lambda$invokeTestMethod$7(TestMethodTestDescriptor.java:218)
	at org.junit.platform.engine.support.hierarchical.ThrowableCollector.execute(ThrowableCollector.java:73)
	at org.junit.jupiter.engine.descriptor.TestMethodTestDescriptor.invokeTestMethod(TestMethodTestDescriptor.java:214)
	at org.junit.jupiter.engine.descriptor.TestMethodTestDescriptor.execute(TestMethodTestDescriptor.java:139)
	at org.junit.jupiter.engine.descriptor.TestMethodTestDescriptor.execute(TestMethodTestDescriptor.java:69)
	at org.junit.platform.engine.support.hierarchical.NodeTestTask.lambda$executeRecursively$6(NodeTestTask.java:151)
	at org.junit.platform.engine.support.hierarchical.ThrowableCollector.execute(ThrowableCollector.java:73)
	at org.junit.platform.engine.support.hierarchical.NodeTestTask.lambda$executeRecursively$8(NodeTestTask.java:141)
	at org.junit.platform.engine.support.hierarchical.Node.around(Node.java:137)
	at org.junit.platform.engine.support.hierarchical.NodeTestTask.lambda$executeRecursively$9(NodeTestTask.java:139)
	at org.junit.platform.engine.support.hierarchical.ThrowableCollector.execute(ThrowableCollector.java:73)
	at org.junit.platform.engine.support.hierarchical.NodeTestTask.executeRecursively(NodeTestTask.java:138)
	at org.junit.platform.engine.support.hierarchical.NodeTestTask.execute(NodeTestTask.java:95)
	at java.base/java.util.ArrayList.forEach(ArrayList.java:1511)
	at org.junit.platform.engine.support.hierarchical.SameThreadHierarchicalTestExecutorService.invokeAll(SameThreadHierarchicalTestExecutorService.java:41)
	at org.junit.platform.engine.support.hierarchical.NodeTestTask.lambda$executeRecursively$6(NodeTestTask.java:155)
	at org.junit.platform.engine.support.hierarchical.ThrowableCollector.execute(ThrowableCollector.java:73)
	at org.junit.platform.engine.support.hierarchical.NodeTestTask.lambda$executeRecursively$8(NodeTestTask.java:141)
	at org.junit.platform.engine.support.hierarchical.Node.around(Node.java:137)
	at org.junit.platform.engine.support.hierarchical.NodeTestTask.lambda$executeRecursively$9(NodeTestTask.java:139)
	at org.junit.platform.engine.support.hierarchical.ThrowableCollector.execute(ThrowableCollector.java:73)
	at org.junit.platform.engine.support.hierarchical.NodeTestTask.executeRecursively(NodeTestTask.java:138)
	at org.junit.platform.engine.support.hierarchical.NodeTestTask.execute(NodeTestTask.java:95)
	at java.base/java.util.ArrayList.forEach(ArrayList.java:1511)
	at org.junit.platform.engine.support.hierarchical.SameThreadHierarchicalTestExecutorService.invokeAll(SameThreadHierarchicalTestExecutorService.java:41)
	at org.junit.platform.engine.support.hierarchical.NodeTestTask.lambda$executeRecursively$6(NodeTestTask.java:155)
	at org.junit.platform.engine.support.hierarchical.ThrowableCollector.execute(ThrowableCollector.java:73)
	at org.junit.platform.engine.support.hierarchical.NodeTestTask.lambda$executeRecursively$8(NodeTestTask.java:141)
	at org.junit.platform.engine.support.hierarchical.Node.around(Node.java:137)
	at org.junit.platform.engine.support.hierarchical.NodeTestTask.lambda$executeRecursively$9(NodeTestTask.java:139)
	at org.junit.platform.engine.support.hierarchical.ThrowableCollector.execute(ThrowableCollector.java:73)
	at org.junit.platform.engine.support.hierarchical.NodeTestTask.executeRecursively(NodeTestTask.java:138)
	at org.junit.platform.engine.support.hierarchical.NodeTestTask.execute(NodeTestTask.java:95)
	at org.junit.platform.engine.support.hierarchical.SameThreadHierarchicalTestExecutorService.submit(SameThreadHierarchicalTestExecutorService.java:35)
	at org.junit.platform.engine.support.hierarchical.HierarchicalTestExecutor.execute(HierarchicalTestExecutor.java:57)
	at org.junit.platform.engine.support.hierarchical.HierarchicalTestEngine.execute(HierarchicalTestEngine.java:54)
	at org.junit.platform.launcher.core.EngineExecutionOrchestrator.execute(EngineExecutionOrchestrator.java:198)
	at org.junit.platform.launcher.core.EngineExecutionOrchestrator.execute(EngineExecutionOrchestrator.java:169)
	at org.junit.platform.launcher.core.EngineExecutionOrchestrator.execute(EngineExecutionOrchestrator.java:93)
	at org.junit.platform.launcher.core.EngineExecutionOrchestrator.lambda$execute$0(EngineExecutionOrchestrator.java:58)
	at org.junit.platform.launcher.core.EngineExecutionOrchestrator.withInterceptedStreams(EngineExecutionOrchestrator.java:141)
	at org.junit.platform.launcher.core.EngineExecutionOrchestrator.execute(EngineExecutionOrchestrator.java:57)
	at org.junit.platform.launcher.core.DefaultLauncher.execute(DefaultLauncher.java:103)
	at org.junit.platform.launcher.core.DefaultLauncher.execute(DefaultLauncher.java:85)
	at org.junit.platform.launcher.core.DelegatingLauncher.execute(DelegatingLauncher.java:47)
	at org.gradle.api.internal.tasks.testing.junitplatform.JUnitPlatformTestClassProcessor$CollectAllTestClassesExecutor.processAllTestClasses(JUnitPlatformTestClassProcessor.java:119)
	at org.gradle.api.internal.tasks.testing.junitplatform.JUnitPlatformTestClassProcessor$CollectAllTestClassesExecutor.access$000(JUnitPlatformTestClassProcessor.java:94)
	at org.gradle.api.internal.tasks.testing.junitplatform.JUnitPlatformTestClassProcessor.stop(JUnitPlatformTestClassProcessor.java:89)
	at org.gradle.api.internal.tasks.testing.SuiteTestClassProcessor.stop(SuiteTestClassProcessor.java:62)
	at java.base/jdk.internal.reflect.NativeMethodAccessorImpl.invoke0(Native Method)
	at java.base/jdk.internal.reflect.NativeMethodAccessorImpl.invoke(NativeMethodAccessorImpl.java:77)
	at java.base/jdk.internal.reflect.DelegatingMethodAccessorImpl.invoke(DelegatingMethodAccessorImpl.java:43)
	at java.base/java.lang.reflect.Method.invoke(Method.java:568)
	at org.gradle.internal.dispatch.ReflectionDispatch.dispatch(ReflectionDispatch.java:36)
	at org.gradle.internal.dispatch.ReflectionDispatch.dispatch(ReflectionDispatch.java:24)
	at org.gradle.internal.dispatch.ContextClassLoaderDispatch.dispatch(ContextClassLoaderDispatch.java:33)
	at org.gradle.internal.dispatch.ProxyDispatchAdapter$DispatchingInvocationHandler.invoke(ProxyDispatchAdapter.java:94)
	at jdk.proxy1/jdk.proxy1.$Proxy2.stop(Unknown Source)
	at org.gradle.api.internal.tasks.testing.worker.TestWorker$3.run(TestWorker.java:193)
	at org.gradle.api.internal.tasks.testing.worker.TestWorker.executeAndMaintainThreadName(TestWorker.java:129)
	at org.gradle.api.internal.tasks.testing.worker.TestWorker.execute(TestWorker.java:100)
	at org.gradle.api.internal.tasks.testing.worker.TestWorker.execute(TestWorker.java:60)
	at org.gradle.process.internal.worker.child.ActionExecutionWorker.execute(ActionExecutionWorker.java:56)
	at org.gradle.process.internal.worker.child.SystemApplicationClassLoaderWorker.call(SystemApplicationClassLoaderWorker.java:119)
	at org.gradle.process.internal.worker.child.SystemApplicationClassLoaderWorker.call(SystemApplicationClassLoaderWorker.java:66)
	at worker.org.gradle.process.internal.worker.GradleWorkerMain.run(GradleWorkerMain.java:69)
	at worker.org.gradle.process.internal.worker.GradleWorkerMain.main(GradleWorkerMain.java:74)
22:04:17.528 [Test worker] INFO  b.m.controller.UserController - Deleting user with ID: 1
22:04:17.529 [Test worker] INFO  b.m.controller.UserController - User deleted successfully for ID: 1
22:04:17.534 [Test worker] INFO  b.m.controller.UserController - Updating user with ID: 1
22:04:17.534 [Test worker] INFO  b.m.controller.UserController - User updated successfully for ID: 1
22:04:17.538 [Test worker] INFO  b.m.controller.UserController - Deleting user with ID: 1
22:04:17.538 [Test worker] ERROR b.m.controller.UserController - User not found with ID: 1
22:04:17.543 [Test worker] INFO  b.m.controller.UserController - Updating user with ID: 1
22:04:17.543 [Test worker] ERROR b.m.controller.UserController - User not found with ID: 1
22:04:17.546 [Test worker] INFO  b.m.controller.UserController - Creating new user...
22:04:17.547 [Test worker] INFO  b.m.controller.UserController - User created successfully with ID: 1
22:04:17.549 [Test worker] INFO  b.m.controller.UserController - Retrieving user with ID: 1
22:04:17.550 [Test worker] INFO  b.m.controller.UserController - User retrieved successfully for ID: 1
22:04:17.552 [Test worker] INFO  o.s.t.c.s.AnnotationConfigContextLoaderUtils - Could not detect default configuration classes for test class [banking.management.service.AccountServiceImplTest]: AccountServiceImplTest does not declare any static, non-private, non-final, nested classes annotated with @Configuration.
22:04:17.574 [Test worker] INFO  o.s.b.t.c.SpringBootTestContextBootstrapper - Found @SpringBootConfiguration banking.management.ManagementApplication for test class banking.management.service.AccountServiceImplTest
22:04:17.587 [Test worker] INFO  b.m.service.AccountServiceImplTest - Starting AccountServiceImplTest using Java 17.0.11 with PID 4098 (started by jinesh in /Users/jinesh/Downloads/management)
22:04:17.587 [Test worker] INFO  b.m.service.AccountServiceImplTest - No active profile set, falling back to 1 default profile: "default"
22:04:17.746 [Test worker] INFO  o.s.d.r.c.RepositoryConfigurationDelegate - Bootstrapping Spring Data JPA repositories in DEFAULT mode.
22:04:17.767 [Test worker] INFO  o.s.d.r.c.RepositoryConfigurationDelegate - Finished Spring Data repository scanning in 20 ms. Found 5 JPA repository interfaces.
22:04:17.825 [Test worker] INFO  o.h.jpa.internal.util.LogHelper - HHH000204: Processing PersistenceUnitInfo [name: default]
22:04:17.826 [Test worker] INFO  o.h.c.i.RegionFactoryInitiator - HHH000026: Second-level cache disabled
22:04:17.829 [Test worker] INFO  o.s.o.j.p.SpringPersistenceUnitInfo - No LoadTimeWeaver setup: ignoring JPA class transformer
22:04:17.829 [Test worker] INFO  com.zaxxer.hikari.HikariDataSource - HikariPool-2 - Starting...
22:04:18.134 [Test worker] INFO  com.zaxxer.hikari.pool.HikariPool - HikariPool-2 - Added connection com.mysql.cj.jdbc.ConnectionImpl@3e1e18f1
22:04:18.134 [Test worker] INFO  com.zaxxer.hikari.HikariDataSource - HikariPool-2 - Start completed.
22:04:18.237 [Test worker] INFO  o.h.e.t.j.p.i.JtaPlatformInitiator - HHH000489: No JTA platform available (set 'hibernate.transaction.jta.platform' to enable JTA platform integration)
22:04:19.038 [Test worker] INFO  o.s.o.j.LocalContainerEntityManagerFactoryBean - Initialized JPA EntityManagerFactory for persistence unit 'default'
22:04:19.119 [Test worker] WARN  o.s.b.a.o.j.JpaBaseConfiguration$JpaWebConfiguration - spring.jpa.open-in-view is enabled by default. Therefore, database queries may be performed during view rendering. Explicitly configure spring.jpa.open-in-view to disable this warning
22:04:19.205 [Test worker] INFO  b.m.service.AccountServiceImplTest - Started AccountServiceImplTest in 1.629 seconds (process running for 8.811)
22:04:19.322 [Test worker] INFO  b.m.service.AccountServiceImpl - Deleting account with ID: 1
22:04:19.322 [Test worker] INFO  b.m.service.AccountServiceImpl - Account deleted successfully with ID: 1
22:04:19.328 [Test worker] INFO  b.m.service.AccountServiceImpl - Creating a new account...
22:04:19.328 [Test worker] INFO  b.m.service.AccountServiceImpl - Account created successfully with ID: 1
22:04:19.333 [Test worker] INFO  b.m.service.AccountServiceImpl - Deleting account with ID: 1
22:04:19.334 [Test worker] ERROR b.m.service.AccountServiceImpl - EntityNotFoundException: Account not found with ID: 1
22:04:19.338 [Test worker] INFO  b.m.service.AccountServiceImpl - Retrieving account with ID: 1
22:04:19.338 [Test worker] INFO  b.m.service.AccountServiceImpl - Account retrieved successfully for ID: 1
22:04:19.344 [Test worker] INFO  b.m.service.AccountServiceImpl - Updating account with ID: 1
22:04:19.344 [Test worker] INFO  b.m.service.AccountServiceImpl - Account updated successfully with ID: 1
22:04:19.349 [Test worker] INFO  b.m.service.AccountServiceImpl - Creating a new account...
22:04:19.350 [Test worker] ERROR b.m.service.AccountServiceImpl - EntityNotFoundException: Details not found for IFSC: ICIC0000010
22:04:19.354 [Test worker] INFO  b.m.service.AccountServiceImpl - Retrieving account with ID: 1
22:04:19.354 [Test worker] ERROR b.m.service.AccountServiceImpl - EntityNotFoundException: Account not found with ID: 1
22:04:19.357 [Test worker] INFO  o.s.t.c.s.AnnotationConfigContextLoaderUtils - Could not detect default configuration classes for test class [banking.management.service.LoanServiceImplTest]: LoanServiceImplTest does not declare any static, non-private, non-final, nested classes annotated with @Configuration.
22:04:19.392 [Test worker] INFO  b.management.service.LoanServiceImpl - Creating a new loan...
22:04:19.393 [Test worker] INFO  b.management.service.LoanServiceImpl - Loan created successfully with ID: 1
22:04:19.396 [Test worker] INFO  b.management.service.LoanServiceImpl - Deleting loan with ID: 1
22:04:19.396 [Test worker] INFO  b.management.service.LoanServiceImpl - Loan deleted successfully with ID: 1
22:04:19.399 [Test worker] INFO  b.management.service.LoanServiceImpl - Retrieving loan with ID: 1
22:04:19.400 [Test worker] INFO  b.management.service.LoanServiceImpl - Loan retrieved successfully for ID: 1
22:04:19.403 [Test worker] INFO  b.management.service.LoanServiceImpl - Creating a new loan...
22:04:19.403 [Test worker] INFO  b.management.service.LoanServiceImpl - Loan created successfully with ID: 1
22:04:19.406 [Test worker] INFO  b.management.service.LoanServiceImpl - Updating loan with ID: 1
22:04:19.406 [Test worker] ERROR b.management.service.LoanServiceImpl - EntityNotFoundException: Loan not found with ID: 1
22:04:19.409 [Test worker] INFO  b.management.service.LoanServiceImpl - Deleting loan with ID: 1
22:04:19.410 [Test worker] ERROR b.management.service.LoanServiceImpl - EntityNotFoundException: Loan not found with ID: 1
jakarta.persistence.EntityNotFoundException: Loan not found with ID: 1
	at banking.management.service.LoanServiceImpl.deleteLoan(LoanServiceImpl.java:140)
	at banking.management.service.LoanServiceImplTest.lambda$testDeleteLoan_LoanNotFound$2(LoanServiceImplTest.java:230)
	at org.junit.jupiter.api.AssertThrows.assertThrows(AssertThrows.java:53)
	at org.junit.jupiter.api.AssertThrows.assertThrows(AssertThrows.java:35)
	at org.junit.jupiter.api.Assertions.assertThrows(Assertions.java:3115)
	at banking.management.service.LoanServiceImplTest.testDeleteLoan_LoanNotFound(LoanServiceImplTest.java:229)
	at java.base/jdk.internal.reflect.NativeMethodAccessorImpl.invoke0(Native Method)
	at java.base/jdk.internal.reflect.NativeMethodAccessorImpl.invoke(NativeMethodAccessorImpl.java:77)
	at java.base/jdk.internal.reflect.DelegatingMethodAccessorImpl.invoke(DelegatingMethodAccessorImpl.java:43)
	at java.base/java.lang.reflect.Method.invoke(Method.java:568)
	at org.junit.platform.commons.util.ReflectionUtils.invokeMethod(ReflectionUtils.java:728)
	at org.junit.jupiter.engine.execution.MethodInvocation.proceed(MethodInvocation.java:60)
	at org.junit.jupiter.engine.execution.InvocationInterceptorChain$ValidatingInvocation.proceed(InvocationInterceptorChain.java:131)
	at org.junit.jupiter.engine.extension.TimeoutExtension.intercept(TimeoutExtension.java:156)
	at org.junit.jupiter.engine.extension.TimeoutExtension.interceptTestableMethod(TimeoutExtension.java:147)
	at org.junit.jupiter.engine.extension.TimeoutExtension.interceptTestMethod(TimeoutExtension.java:86)
	at org.junit.jupiter.engine.execution.InterceptingExecutableInvoker$ReflectiveInterceptorCall.lambda$ofVoidMethod$0(InterceptingExecutableInvoker.java:103)
	at org.junit.jupiter.engine.execution.InterceptingExecutableInvoker.lambda$invoke$0(InterceptingExecutableInvoker.java:93)
	at org.junit.jupiter.engine.execution.InvocationInterceptorChain$InterceptedInvocation.proceed(InvocationInterceptorChain.java:106)
	at org.junit.jupiter.engine.execution.InvocationInterceptorChain.proceed(InvocationInterceptorChain.java:64)
	at org.junit.jupiter.engine.execution.InvocationInterceptorChain.chainAndInvoke(InvocationInterceptorChain.java:45)
	at org.junit.jupiter.engine.execution.InvocationInterceptorChain.invoke(InvocationInterceptorChain.java:37)
	at org.junit.jupiter.engine.execution.InterceptingExecutableInvoker.invoke(InterceptingExecutableInvoker.java:92)
	at org.junit.jupiter.engine.execution.InterceptingExecutableInvoker.invoke(InterceptingExecutableInvoker.java:86)
	at org.junit.jupiter.engine.descriptor.TestMethodTestDescriptor.lambda$invokeTestMethod$7(TestMethodTestDescriptor.java:218)
	at org.junit.platform.engine.support.hierarchical.ThrowableCollector.execute(ThrowableCollector.java:73)
	at org.junit.jupiter.engine.descriptor.TestMethodTestDescriptor.invokeTestMethod(TestMethodTestDescriptor.java:214)
	at org.junit.jupiter.engine.descriptor.TestMethodTestDescriptor.execute(TestMethodTestDescriptor.java:139)
	at org.junit.jupiter.engine.descriptor.TestMethodTestDescriptor.execute(TestMethodTestDescriptor.java:69)
	at org.junit.platform.engine.support.hierarchical.NodeTestTask.lambda$executeRecursively$6(NodeTestTask.java:151)
	at org.junit.platform.engine.support.hierarchical.ThrowableCollector.execute(ThrowableCollector.java:73)
	at org.junit.platform.engine.support.hierarchical.NodeTestTask.lambda$executeRecursively$8(NodeTestTask.java:141)
	at org.junit.platform.engine.support.hierarchical.Node.around(Node.java:137)
	at org.junit.platform.engine.support.hierarchical.NodeTestTask.lambda$executeRecursively$9(NodeTestTask.java:139)
	at org.junit.platform.engine.support.hierarchical.ThrowableCollector.execute(ThrowableCollector.java:73)
	at org.junit.platform.engine.support.hierarchical.NodeTestTask.executeRecursively(NodeTestTask.java:138)
	at org.junit.platform.engine.support.hierarchical.NodeTestTask.execute(NodeTestTask.java:95)
	at java.base/java.util.ArrayList.forEach(ArrayList.java:1511)
	at org.junit.platform.engine.support.hierarchical.SameThreadHierarchicalTestExecutorService.invokeAll(SameThreadHierarchicalTestExecutorService.java:41)
	at org.junit.platform.engine.support.hierarchical.NodeTestTask.lambda$executeRecursively$6(NodeTestTask.java:155)
	at org.junit.platform.engine.support.hierarchical.ThrowableCollector.execute(ThrowableCollector.java:73)
	at org.junit.platform.engine.support.hierarchical.NodeTestTask.lambda$executeRecursively$8(NodeTestTask.java:141)
	at org.junit.platform.engine.support.hierarchical.Node.around(Node.java:137)
	at org.junit.platform.engine.support.hierarchical.NodeTestTask.lambda$executeRecursively$9(NodeTestTask.java:139)
	at org.junit.platform.engine.support.hierarchical.ThrowableCollector.execute(ThrowableCollector.java:73)
	at org.junit.platform.engine.support.hierarchical.NodeTestTask.executeRecursively(NodeTestTask.java:138)
	at org.junit.platform.engine.support.hierarchical.NodeTestTask.execute(NodeTestTask.java:95)
	at java.base/java.util.ArrayList.forEach(ArrayList.java:1511)
	at org.junit.platform.engine.support.hierarchical.SameThreadHierarchicalTestExecutorService.invokeAll(SameThreadHierarchicalTestExecutorService.java:41)
	at org.junit.platform.engine.support.hierarchical.NodeTestTask.lambda$executeRecursively$6(NodeTestTask.java:155)
	at org.junit.platform.engine.support.hierarchical.ThrowableCollector.execute(ThrowableCollector.java:73)
	at org.junit.platform.engine.support.hierarchical.NodeTestTask.lambda$executeRecursively$8(NodeTestTask.java:141)
	at org.junit.platform.engine.support.hierarchical.Node.around(Node.java:137)
	at org.junit.platform.engine.support.hierarchical.NodeTestTask.lambda$executeRecursively$9(NodeTestTask.java:139)
	at org.junit.platform.engine.support.hierarchical.ThrowableCollector.execute(ThrowableCollector.java:73)
	at org.junit.platform.engine.support.hierarchical.NodeTestTask.executeRecursively(NodeTestTask.java:138)
	at org.junit.platform.engine.support.hierarchical.NodeTestTask.execute(NodeTestTask.java:95)
	at org.junit.platform.engine.support.hierarchical.SameThreadHierarchicalTestExecutorService.submit(SameThreadHierarchicalTestExecutorService.java:35)
	at org.junit.platform.engine.support.hierarchical.HierarchicalTestExecutor.execute(HierarchicalTestExecutor.java:57)
	at org.junit.platform.engine.support.hierarchical.HierarchicalTestEngine.execute(HierarchicalTestEngine.java:54)
	at org.junit.platform.launcher.core.EngineExecutionOrchestrator.execute(EngineExecutionOrchestrator.java:198)
	at org.junit.platform.launcher.core.EngineExecutionOrchestrator.execute(EngineExecutionOrchestrator.java:169)
	at org.junit.platform.launcher.core.EngineExecutionOrchestrator.execute(EngineExecutionOrchestrator.java:93)
	at org.junit.platform.launcher.core.EngineExecutionOrchestrator.lambda$execute$0(EngineExecutionOrchestrator.java:58)
	at org.junit.platform.launcher.core.EngineExecutionOrchestrator.withInterceptedStreams(EngineExecutionOrchestrator.java:141)
	at org.junit.platform.launcher.core.EngineExecutionOrchestrator.execute(EngineExecutionOrchestrator.java:57)
	at org.junit.platform.launcher.core.DefaultLauncher.execute(DefaultLauncher.java:103)
	at org.junit.platform.launcher.core.DefaultLauncher.execute(DefaultLauncher.java:85)
	at org.junit.platform.launcher.core.DelegatingLauncher.execute(DelegatingLauncher.java:47)
	at org.gradle.api.internal.tasks.testing.junitplatform.JUnitPlatformTestClassProcessor$CollectAllTestClassesExecutor.processAllTestClasses(JUnitPlatformTestClassProcessor.java:119)
	at org.gradle.api.internal.tasks.testing.junitplatform.JUnitPlatformTestClassProcessor$CollectAllTestClassesExecutor.access$000(JUnitPlatformTestClassProcessor.java:94)
	at org.gradle.api.internal.tasks.testing.junitplatform.JUnitPlatformTestClassProcessor.stop(JUnitPlatformTestClassProcessor.java:89)
	at org.gradle.api.internal.tasks.testing.SuiteTestClassProcessor.stop(SuiteTestClassProcessor.java:62)
	at java.base/jdk.internal.reflect.NativeMethodAccessorImpl.invoke0(Native Method)
	at java.base/jdk.internal.reflect.NativeMethodAccessorImpl.invoke(NativeMethodAccessorImpl.java:77)
	at java.base/jdk.internal.reflect.DelegatingMethodAccessorImpl.invoke(DelegatingMethodAccessorImpl.java:43)
	at java.base/java.lang.reflect.Method.invoke(Method.java:568)
	at org.gradle.internal.dispatch.ReflectionDispatch.dispatch(ReflectionDispatch.java:36)
	at org.gradle.internal.dispatch.ReflectionDispatch.dispatch(ReflectionDispatch.java:24)
	at org.gradle.internal.dispatch.ContextClassLoaderDispatch.dispatch(ContextClassLoaderDispatch.java:33)
	at org.gradle.internal.dispatch.ProxyDispatchAdapter$DispatchingInvocationHandler.invoke(ProxyDispatchAdapter.java:94)
	at jdk.proxy1/jdk.proxy1.$Proxy2.stop(Unknown Source)
	at org.gradle.api.internal.tasks.testing.worker.TestWorker$3.run(TestWorker.java:193)
	at org.gradle.api.internal.tasks.testing.worker.TestWorker.executeAndMaintainThreadName(TestWorker.java:129)
	at org.gradle.api.internal.tasks.testing.worker.TestWorker.execute(TestWorker.java:100)
	at org.gradle.api.internal.tasks.testing.worker.TestWorker.execute(TestWorker.java:60)
	at org.gradle.process.internal.worker.child.ActionExecutionWorker.execute(ActionExecutionWorker.java:56)
	at org.gradle.process.internal.worker.child.SystemApplicationClassLoaderWorker.call(SystemApplicationClassLoaderWorker.java:119)
	at org.gradle.process.internal.worker.child.SystemApplicationClassLoaderWorker.call(SystemApplicationClassLoaderWorker.java:66)
	at worker.org.gradle.process.internal.worker.GradleWorkerMain.run(GradleWorkerMain.java:69)
	at worker.org.gradle.process.internal.worker.GradleWorkerMain.main(GradleWorkerMain.java:74)
22:04:19.415 [Test worker] INFO  b.management.service.LoanServiceImpl - Retrieving loan with ID: 1
22:04:19.415 [Test worker] ERROR b.management.service.LoanServiceImpl - EntityNotFoundException: Loan not found with ID: 1
22:04:19.416 [Test worker] INFO  o.s.t.c.s.AnnotationConfigContextLoaderUtils - Could not detect default configuration classes for test class [banking.management.service.PaymentServiceImplTest]: PaymentServiceImplTest does not declare any static, non-private, non-final, nested classes annotated with @Configuration.
22:04:19.456 [Test worker] INFO  b.m.service.PaymentServiceImpl - Retrieving payment with ID: 1
22:04:19.456 [Test worker] ERROR b.m.service.PaymentServiceImpl - EntityNotFoundException: Payment not found with ID: 1
22:04:19.459 [Test worker] INFO  b.m.service.PaymentServiceImpl - Retrieving payment with ID: 1
22:04:19.459 [Test worker] INFO  b.m.service.PaymentServiceImpl - Payment retrieved successfully for ID: 1
22:04:19.462 [Test worker] INFO  b.m.service.PaymentServiceImpl - Creating a new payment...
22:04:19.462 [Test worker] ERROR b.m.service.PaymentServiceImpl - EntityNotFoundException: Account not found with ID: 1
22:04:19.465 [Test worker] INFO  b.m.service.PaymentServiceImpl - Creating a new payment...
22:04:19.466 [Test worker] INFO  b.m.service.PaymentServiceImpl - Payment created successfully with ID: 1
22:04:19.468 [Test worker] INFO  b.management.service.UserServiceImpl - Retrieving user with ID: 1
22:04:19.469 [Test worker] ERROR b.management.service.UserServiceImpl - EntityNotFoundException: User not found with ID: 1
22:04:19.471 [Test worker] INFO  b.management.service.UserServiceImpl - Updating user with ID: 1
22:04:19.473 [Test worker] INFO  b.management.service.UserServiceImpl - User updated successfully with ID: 1
22:04:19.474 [Test worker] INFO  b.management.service.UserServiceImpl - Deleting user with ID: 1
22:04:19.475 [Test worker] ERROR b.management.service.UserServiceImpl - EntityNotFoundException: User not found with ID: 1
22:04:19.476 [Test worker] INFO  b.management.service.UserServiceImpl - Updating user with ID: 1
22:04:19.476 [Test worker] ERROR b.management.service.UserServiceImpl - EntityNotFoundException: User not found with ID: 1
22:04:19.479 [Test worker] INFO  b.management.service.UserServiceImpl - Creating a new user...
22:04:19.479 [Test worker] INFO  b.management.service.UserServiceImpl - User created successfully with ID: 1
22:04:19.481 [Test worker] INFO  b.management.service.UserServiceImpl - Deleting user with ID: 1
22:04:19.481 [Test worker] INFO  b.management.service.UserServiceImpl - User deleted successfully with ID: 1
22:04:19.483 [Test worker] INFO  b.management.service.UserServiceImpl - Retrieving user with ID: 1
22:04:19.483 [Test worker] INFO  b.management.service.UserServiceImpl - User retrieved successfully for ID: 1
22:04:19.493 [SpringApplicationShutdownHook] INFO  o.s.o.j.LocalContainerEntityManagerFactoryBean - Closing JPA EntityManagerFactory for persistence unit 'default'
22:04:19.494 [SpringApplicationShutdownHook] INFO  com.zaxxer.hikari.HikariDataSource - HikariPool-1 - Shutdown initiated...
22:04:19.499 [SpringApplicationShutdownHook] INFO  com.zaxxer.hikari.HikariDataSource - HikariPool-1 - Shutdown completed.
22:04:19.501 [SpringApplicationShutdownHook] INFO  o.s.o.j.LocalContainerEntityManagerFactoryBean - Closing JPA EntityManagerFactory for persistence unit 'default'
22:04:19.502 [SpringApplicationShutdownHook] INFO  com.zaxxer.hikari.HikariDataSource - HikariPool-2 - Shutdown initiated...
22:04:19.569 [SpringApplicationShutdownHook] INFO  com.zaxxer.hikari.HikariDataSource - HikariPool-2 - Shutdown completed.
