01:39:04.884 [Test worker] INFO  o.s.t.c.s.AnnotationConfigContextLoaderUtils - Could not detect default configuration classes for test class [banking.management.controller.UserControllerTest]: UserControllerTest does not declare any static, non-private, non-final, nested classes annotated with @Configuration.
01:39:05.682 [Test worker] INFO  o.s.t.c.s.AnnotationConfigContextLoaderUtils - Could not detect default configuration classes for test class [banking.management.ManagementApplicationTests]: ManagementApplicationTests does not declare any static, non-private, non-final, nested classes annotated with @Configuration.
01:39:05.721 [Test worker] INFO  o.s.b.t.c.SpringBootTestContextBootstrapper - Found @SpringBootConfiguration banking.management.ManagementApplication for test class banking.management.ManagementApplicationTests
01:39:05.847 [Test worker] INFO  b.m.ManagementApplicationTests - Starting ManagementApplicationTests using Java 17.0.11 with PID 67117 (started by jinesh in /Users/jinesh/Downloads/management)
01:39:05.847 [Test worker] INFO  b.m.ManagementApplicationTests - No active profile set, falling back to 1 default profile: "default"
01:39:05.849 [background-preinit] INFO  o.h.validator.internal.util.Version - HV000001: Hibernate Validator 8.0.1.Final
01:39:06.240 [Test worker] INFO  o.s.d.r.c.RepositoryConfigurationDelegate - Bootstrapping Spring Data JPA repositories in DEFAULT mode.
01:39:06.290 [Test worker] INFO  o.s.d.r.c.RepositoryConfigurationDelegate - Finished Spring Data repository scanning in 46 ms. Found 5 JPA repository interfaces.
01:39:06.489 [Test worker] INFO  o.h.jpa.internal.util.LogHelper - HHH000204: Processing PersistenceUnitInfo [name: default]
01:39:06.520 [Test worker] INFO  org.hibernate.Version - HHH000412: Hibernate ORM core version 6.4.8.Final
01:39:06.537 [Test worker] INFO  o.h.c.i.RegionFactoryInitiator - HHH000026: Second-level cache disabled
01:39:06.586 [Test worker] INFO  o.s.o.j.p.SpringPersistenceUnitInfo - No LoadTimeWeaver setup: ignoring JPA class transformer
01:39:06.600 [Test worker] INFO  com.zaxxer.hikari.HikariDataSource - HikariPool-1 - Starting...
01:39:06.965 [Test worker] INFO  com.zaxxer.hikari.pool.HikariPool - HikariPool-1 - Added connection com.mysql.cj.jdbc.ConnectionImpl@1d3e5a05
01:39:06.966 [Test worker] INFO  com.zaxxer.hikari.HikariDataSource - HikariPool-1 - Start completed.
01:39:07.460 [Test worker] INFO  o.h.e.t.j.p.i.JtaPlatformInitiator - HHH000489: No JTA platform available (set 'hibernate.transaction.jta.platform' to enable JTA platform integration)
01:39:08.211 [Test worker] INFO  o.s.o.j.LocalContainerEntityManagerFactoryBean - Initialized JPA EntityManagerFactory for persistence unit 'default'
01:39:08.502 [Test worker] WARN  o.s.b.a.o.j.JpaBaseConfiguration$JpaWebConfiguration - spring.jpa.open-in-view is enabled by default. Therefore, database queries may be performed during view rendering. Explicitly configure spring.jpa.open-in-view to disable this warning
01:39:08.723 [Test worker] INFO  b.m.ManagementApplicationTests - Started ManagementApplicationTests in 2.948 seconds (process running for 4.456)
01:39:08.735 [Test worker] INFO  o.s.t.c.s.AnnotationConfigContextLoaderUtils - Could not detect default configuration classes for test class [banking.management.controller.AccountControllerTest]: AccountControllerTest does not declare any static, non-private, non-final, nested classes annotated with @Configuration.
01:39:08.758 [Test worker] INFO  b.m.controller.AccountController - Deleting account with ID: 1
01:39:08.758 [Test worker] INFO  b.m.controller.AccountController - Account deleted successfully with ID: 1
01:39:08.761 [Test worker] INFO  b.m.controller.AccountController - Deleting account with ID: 1
01:39:08.762 [Test worker] ERROR b.m.controller.AccountController - Account not found with ID: 1
01:39:08.765 [Test worker] INFO  b.m.controller.AccountController - Creating new account...
01:39:08.765 [Test worker] INFO  b.m.controller.AccountController - Account created successfully with ID: null
01:39:08.768 [Test worker] INFO  b.m.controller.AccountController - Updating account with ID: 1
01:39:08.768 [Test worker] ERROR b.m.controller.AccountController - Account not found with ID: 1
01:39:08.771 [Test worker] INFO  b.m.controller.AccountController - Creating new account...
01:39:08.772 [Test worker] ERROR b.m.controller.AccountController - Unexpected error occurred while creating the account: Unexpected error
01:39:08.774 [Test worker] INFO  b.m.controller.AccountController - Retrieving account with ID: 1
01:39:08.775 [Test worker] INFO  b.m.controller.AccountController - Account retrieved successfully for ID: 1
01:39:08.777 [Test worker] INFO  b.m.controller.AccountController - Updating account with ID: 1
01:39:08.778 [Test worker] INFO  b.m.controller.AccountController - Account updated successfully with ID: 1
01:39:08.781 [Test worker] INFO  b.m.controller.AccountController - Retrieving account with ID: 1
01:39:08.781 [Test worker] ERROR b.m.controller.AccountController - Account not found with ID: 1
01:39:08.783 [Test worker] INFO  o.s.t.c.s.AnnotationConfigContextLoaderUtils - Could not detect default configuration classes for test class [banking.management.controller.LoanControllerTest]: LoanControllerTest does not declare any static, non-private, non-final, nested classes annotated with @Configuration.
01:39:08.805 [Test worker] INFO  b.m.controller.LoanController - Creating new loan...
01:39:08.805 [Test worker] INFO  b.m.controller.LoanController - Loan created successfully with ID: null
01:39:08.810 [Test worker] INFO  b.m.controller.LoanController - Creating new loan...
01:39:08.810 [Test worker] ERROR b.m.controller.LoanController - Entity not found: Account not found
01:39:08.813 [Test worker] INFO  b.m.controller.LoanController - Deleting loan with ID: 1
01:39:08.813 [Test worker] INFO  b.m.controller.LoanController - Loan deleted successfully with ID: 1
01:39:08.816 [Test worker] INFO  b.m.controller.LoanController - Retrieving loan with ID: 1
01:39:08.817 [Test worker] INFO  b.m.controller.LoanController - Loan retrieved successfully for ID: 1
01:39:08.819 [Test worker] INFO  b.m.controller.LoanController - Updating loan with ID: 1
01:39:08.820 [Test worker] INFO  b.m.controller.LoanController - Loan updated successfully with ID: 1
01:39:08.822 [Test worker] INFO  b.m.controller.LoanController - Updating loan with ID: 1
01:39:08.822 [Test worker] ERROR b.m.controller.LoanController - Loan not found with ID: 1
01:39:08.826 [Test worker] INFO  b.m.controller.LoanController - Deleting loan with ID: 1
01:39:08.826 [Test worker] ERROR b.m.controller.LoanController - Loan not found with ID: 1
01:39:08.828 [Test worker] INFO  b.m.controller.LoanController - Retrieving loan with ID: 1
01:39:08.829 [Test worker] ERROR b.m.controller.LoanController - Loan not found with ID: 1
01:39:08.848 [Test worker] INFO  b.m.controller.PaymentController - Creating new payment...
01:39:08.849 [Test worker] ERROR b.m.controller.PaymentController - Entity not found: Account not found
01:39:08.850 [Test worker] INFO  b.m.controller.PaymentController - Retrieving payment with ID: 1
01:39:08.850 [Test worker] INFO  b.m.controller.PaymentController - Payment retrieved successfully for ID: 1
01:39:08.851 [Test worker] INFO  b.m.controller.PaymentController - Creating new payment...
01:39:08.852 [Test worker] INFO  b.m.controller.PaymentController - Payment created successfully with ID: 1
01:39:08.853 [Test worker] INFO  b.m.controller.PaymentController - Retrieving payment with ID: 1
01:39:08.853 [Test worker] ERROR b.m.controller.PaymentController - Payment not found with ID: 1
01:39:08.854 [Test worker] INFO  o.s.t.c.s.AnnotationConfigContextLoaderUtils - Could not detect default configuration classes for test class [banking.management.service.AccountServiceImplTest]: AccountServiceImplTest does not declare any static, non-private, non-final, nested classes annotated with @Configuration.
01:39:08.876 [Test worker] INFO  o.s.b.t.c.SpringBootTestContextBootstrapper - Found @SpringBootConfiguration banking.management.ManagementApplication for test class banking.management.service.AccountServiceImplTest
01:39:08.886 [Test worker] INFO  b.m.service.AccountServiceImplTest - Starting AccountServiceImplTest using Java 17.0.11 with PID 67117 (started by jinesh in /Users/jinesh/Downloads/management)
01:39:08.888 [Test worker] INFO  b.m.service.AccountServiceImplTest - No active profile set, falling back to 1 default profile: "default"
01:39:09.006 [Test worker] INFO  o.s.d.r.c.RepositoryConfigurationDelegate - Bootstrapping Spring Data JPA repositories in DEFAULT mode.
01:39:09.028 [Test worker] INFO  o.s.d.r.c.RepositoryConfigurationDelegate - Finished Spring Data repository scanning in 21 ms. Found 5 JPA repository interfaces.
01:39:09.062 [Test worker] INFO  o.h.jpa.internal.util.LogHelper - HHH000204: Processing PersistenceUnitInfo [name: default]
01:39:09.063 [Test worker] INFO  o.h.c.i.RegionFactoryInitiator - HHH000026: Second-level cache disabled
01:39:09.065 [Test worker] INFO  o.s.o.j.p.SpringPersistenceUnitInfo - No LoadTimeWeaver setup: ignoring JPA class transformer
01:39:09.065 [Test worker] INFO  com.zaxxer.hikari.HikariDataSource - HikariPool-2 - Starting...
01:39:09.342 [Test worker] INFO  com.zaxxer.hikari.pool.HikariPool - HikariPool-2 - Added connection com.mysql.cj.jdbc.ConnectionImpl@35c55050
01:39:09.342 [Test worker] INFO  com.zaxxer.hikari.HikariDataSource - HikariPool-2 - Start completed.
01:39:09.425 [Test worker] INFO  o.h.e.t.j.p.i.JtaPlatformInitiator - HHH000489: No JTA platform available (set 'hibernate.transaction.jta.platform' to enable JTA platform integration)
01:39:10.152 [Test worker] INFO  o.s.o.j.LocalContainerEntityManagerFactoryBean - Initialized JPA EntityManagerFactory for persistence unit 'default'
01:39:10.207 [Test worker] WARN  o.s.b.a.o.j.JpaBaseConfiguration$JpaWebConfiguration - spring.jpa.open-in-view is enabled by default. Therefore, database queries may be performed during view rendering. Explicitly configure spring.jpa.open-in-view to disable this warning
01:39:10.265 [Test worker] INFO  b.m.service.AccountServiceImplTest - Started AccountServiceImplTest in 1.388 seconds (process running for 5.998)
01:39:10.360 [Test worker] INFO  b.m.service.AccountServiceImpl - Deleting account with ID: 1
01:39:10.361 [Test worker] INFO  b.m.service.AccountServiceImpl - Account deleted successfully with ID: 1
01:39:10.367 [Test worker] INFO  b.m.service.AccountServiceImpl - Creating a new account...
01:39:10.367 [Test worker] INFO  b.m.service.AccountServiceImpl - Account created successfully with ID: 1
01:39:10.372 [Test worker] INFO  b.m.service.AccountServiceImpl - Deleting account with ID: 1
01:39:10.372 [Test worker] ERROR b.m.service.AccountServiceImpl - EntityNotFoundException: Account not found with ID: 1
01:39:10.376 [Test worker] INFO  b.m.service.AccountServiceImpl - Retrieving account with ID: 1
01:39:10.376 [Test worker] INFO  b.m.service.AccountServiceImpl - Account retrieved successfully for ID: 1
01:39:10.380 [Test worker] INFO  b.m.service.AccountServiceImpl - Updating account with ID: 1
01:39:10.382 [Test worker] INFO  b.m.service.AccountServiceImpl - Account updated successfully with ID: 1
01:39:10.386 [Test worker] INFO  b.m.service.AccountServiceImpl - Creating a new account...
01:39:10.386 [Test worker] ERROR b.m.service.AccountServiceImpl - EntityNotFoundException: Details not found for IFSC: ICIC0000010
01:39:10.390 [Test worker] INFO  b.m.service.AccountServiceImpl - Retrieving account with ID: 1
01:39:10.390 [Test worker] ERROR b.m.service.AccountServiceImpl - EntityNotFoundException: Account not found with ID: 1
01:39:10.393 [Test worker] INFO  o.s.t.c.s.AnnotationConfigContextLoaderUtils - Could not detect default configuration classes for test class [banking.management.service.LoanServiceImplTest]: LoanServiceImplTest does not declare any static, non-private, non-final, nested classes annotated with @Configuration.
01:39:10.423 [Test worker] INFO  b.management.service.LoanServiceImpl - Creating a new loan...
01:39:10.423 [Test worker] INFO  b.management.service.LoanServiceImpl - Loan created successfully with ID: 1
01:39:10.426 [Test worker] INFO  b.management.service.LoanServiceImpl - Deleting loan with ID: 1
01:39:10.427 [Test worker] INFO  b.management.service.LoanServiceImpl - Loan deleted successfully with ID: 1
01:39:10.429 [Test worker] INFO  b.management.service.LoanServiceImpl - Retrieving loan with ID: 1
01:39:10.430 [Test worker] INFO  b.management.service.LoanServiceImpl - Loan retrieved successfully for ID: 1
01:39:10.434 [Test worker] INFO  b.management.service.LoanServiceImpl - Creating a new loan...
01:39:10.434 [Test worker] INFO  b.management.service.LoanServiceImpl - Loan created successfully with ID: 1
01:39:10.437 [Test worker] INFO  b.management.service.LoanServiceImpl - Updating loan with ID: 1
01:39:10.437 [Test worker] ERROR b.management.service.LoanServiceImpl - EntityNotFoundException: Loan not found with ID: 1
01:39:10.440 [Test worker] INFO  b.management.service.LoanServiceImpl - Deleting loan with ID: 1
01:39:10.440 [Test worker] ERROR b.management.service.LoanServiceImpl - EntityNotFoundException: Loan not found with ID: 1
jakarta.persistence.EntityNotFoundException: Loan not found with ID: 1
	at banking.management.service.LoanServiceImpl.deleteLoan(LoanServiceImpl.java:140)
	at banking.management.service.LoanServiceImplTest.lambda$testDeleteLoan_LoanNotFound$2(LoanServiceImplTest.java:230)
	at org.junit.jupiter.api.AssertThrows.assertThrows(AssertThrows.java:53)
	at org.junit.jupiter.api.AssertThrows.assertThrows(AssertThrows.java:35)
	at org.junit.jupiter.api.Assertions.assertThrows(Assertions.java:3115)
	at banking.management.service.LoanServiceImplTest.testDeleteLoan_LoanNotFound(LoanServiceImplTest.java:229)
	at java.base/jdk.internal.reflect.NativeMethodAccessorImpl.invoke0(Native Method)
	at java.base/jdk.internal.reflect.NativeMethodAccessorImpl.invoke(NativeMethodAccessorImpl.java:77)
	at java.base/jdk.internal.reflect.DelegatingMethodAccessorImpl.invoke(DelegatingMethodAccessorImpl.java:43)
	at java.base/java.lang.reflect.Method.invoke(Method.java:568)
	at org.junit.platform.commons.util.ReflectionUtils.invokeMethod(ReflectionUtils.java:728)
	at org.junit.jupiter.engine.execution.MethodInvocation.proceed(MethodInvocation.java:60)
	at org.junit.jupiter.engine.execution.InvocationInterceptorChain$ValidatingInvocation.proceed(InvocationInterceptorChain.java:131)
	at org.junit.jupiter.engine.extension.TimeoutExtension.intercept(TimeoutExtension.java:156)
	at org.junit.jupiter.engine.extension.TimeoutExtension.interceptTestableMethod(TimeoutExtension.java:147)
	at org.junit.jupiter.engine.extension.TimeoutExtension.interceptTestMethod(TimeoutExtension.java:86)
	at org.junit.jupiter.engine.execution.InterceptingExecutableInvoker$ReflectiveInterceptorCall.lambda$ofVoidMethod$0(InterceptingExecutableInvoker.java:103)
	at org.junit.jupiter.engine.execution.InterceptingExecutableInvoker.lambda$invoke$0(InterceptingExecutableInvoker.java:93)
	at org.junit.jupiter.engine.execution.InvocationInterceptorChain$InterceptedInvocation.proceed(InvocationInterceptorChain.java:106)
	at org.junit.jupiter.engine.execution.InvocationInterceptorChain.proceed(InvocationInterceptorChain.java:64)
	at org.junit.jupiter.engine.execution.InvocationInterceptorChain.chainAndInvoke(InvocationInterceptorChain.java:45)
	at org.junit.jupiter.engine.execution.InvocationInterceptorChain.invoke(InvocationInterceptorChain.java:37)
	at org.junit.jupiter.engine.execution.InterceptingExecutableInvoker.invoke(InterceptingExecutableInvoker.java:92)
	at org.junit.jupiter.engine.execution.InterceptingExecutableInvoker.invoke(InterceptingExecutableInvoker.java:86)
	at org.junit.jupiter.engine.descriptor.TestMethodTestDescriptor.lambda$invokeTestMethod$7(TestMethodTestDescriptor.java:218)
	at org.junit.platform.engine.support.hierarchical.ThrowableCollector.execute(ThrowableCollector.java:73)
	at org.junit.jupiter.engine.descriptor.TestMethodTestDescriptor.invokeTestMethod(TestMethodTestDescriptor.java:214)
	at org.junit.jupiter.engine.descriptor.TestMethodTestDescriptor.execute(TestMethodTestDescriptor.java:139)
	at org.junit.jupiter.engine.descriptor.TestMethodTestDescriptor.execute(TestMethodTestDescriptor.java:69)
	at org.junit.platform.engine.support.hierarchical.NodeTestTask.lambda$executeRecursively$6(NodeTestTask.java:151)
	at org.junit.platform.engine.support.hierarchical.ThrowableCollector.execute(ThrowableCollector.java:73)
	at org.junit.platform.engine.support.hierarchical.NodeTestTask.lambda$executeRecursively$8(NodeTestTask.java:141)
	at org.junit.platform.engine.support.hierarchical.Node.around(Node.java:137)
	at org.junit.platform.engine.support.hierarchical.NodeTestTask.lambda$executeRecursively$9(NodeTestTask.java:139)
	at org.junit.platform.engine.support.hierarchical.ThrowableCollector.execute(ThrowableCollector.java:73)
	at org.junit.platform.engine.support.hierarchical.NodeTestTask.executeRecursively(NodeTestTask.java:138)
	at org.junit.platform.engine.support.hierarchical.NodeTestTask.execute(NodeTestTask.java:95)
	at java.base/java.util.ArrayList.forEach(ArrayList.java:1511)
	at org.junit.platform.engine.support.hierarchical.SameThreadHierarchicalTestExecutorService.invokeAll(SameThreadHierarchicalTestExecutorService.java:41)
	at org.junit.platform.engine.support.hierarchical.NodeTestTask.lambda$executeRecursively$6(NodeTestTask.java:155)
	at org.junit.platform.engine.support.hierarchical.ThrowableCollector.execute(ThrowableCollector.java:73)
	at org.junit.platform.engine.support.hierarchical.NodeTestTask.lambda$executeRecursively$8(NodeTestTask.java:141)
	at org.junit.platform.engine.support.hierarchical.Node.around(Node.java:137)
	at org.junit.platform.engine.support.hierarchical.NodeTestTask.lambda$executeRecursively$9(NodeTestTask.java:139)
	at org.junit.platform.engine.support.hierarchical.ThrowableCollector.execute(ThrowableCollector.java:73)
	at org.junit.platform.engine.support.hierarchical.NodeTestTask.executeRecursively(NodeTestTask.java:138)
	at org.junit.platform.engine.support.hierarchical.NodeTestTask.execute(NodeTestTask.java:95)
	at java.base/java.util.ArrayList.forEach(ArrayList.java:1511)
	at org.junit.platform.engine.support.hierarchical.SameThreadHierarchicalTestExecutorService.invokeAll(SameThreadHierarchicalTestExecutorService.java:41)
	at org.junit.platform.engine.support.hierarchical.NodeTestTask.lambda$executeRecursively$6(NodeTestTask.java:155)
	at org.junit.platform.engine.support.hierarchical.ThrowableCollector.execute(ThrowableCollector.java:73)
	at org.junit.platform.engine.support.hierarchical.NodeTestTask.lambda$executeRecursively$8(NodeTestTask.java:141)
	at org.junit.platform.engine.support.hierarchical.Node.around(Node.java:137)
	at org.junit.platform.engine.support.hierarchical.NodeTestTask.lambda$executeRecursively$9(NodeTestTask.java:139)
	at org.junit.platform.engine.support.hierarchical.ThrowableCollector.execute(ThrowableCollector.java:73)
	at org.junit.platform.engine.support.hierarchical.NodeTestTask.executeRecursively(NodeTestTask.java:138)
	at org.junit.platform.engine.support.hierarchical.NodeTestTask.execute(NodeTestTask.java:95)
	at org.junit.platform.engine.support.hierarchical.SameThreadHierarchicalTestExecutorService.submit(SameThreadHierarchicalTestExecutorService.java:35)
	at org.junit.platform.engine.support.hierarchical.HierarchicalTestExecutor.execute(HierarchicalTestExecutor.java:57)
	at org.junit.platform.engine.support.hierarchical.HierarchicalTestEngine.execute(HierarchicalTestEngine.java:54)
	at org.junit.platform.launcher.core.EngineExecutionOrchestrator.execute(EngineExecutionOrchestrator.java:198)
	at org.junit.platform.launcher.core.EngineExecutionOrchestrator.execute(EngineExecutionOrchestrator.java:169)
	at org.junit.platform.launcher.core.EngineExecutionOrchestrator.execute(EngineExecutionOrchestrator.java:93)
	at org.junit.platform.launcher.core.EngineExecutionOrchestrator.lambda$execute$0(EngineExecutionOrchestrator.java:58)
	at org.junit.platform.launcher.core.EngineExecutionOrchestrator.withInterceptedStreams(EngineExecutionOrchestrator.java:141)
	at org.junit.platform.launcher.core.EngineExecutionOrchestrator.execute(EngineExecutionOrchestrator.java:57)
	at org.junit.platform.launcher.core.DefaultLauncher.execute(DefaultLauncher.java:103)
	at org.junit.platform.launcher.core.DefaultLauncher.execute(DefaultLauncher.java:85)
	at org.junit.platform.launcher.core.DelegatingLauncher.execute(DelegatingLauncher.java:47)
	at org.gradle.api.internal.tasks.testing.junitplatform.JUnitPlatformTestClassProcessor$CollectAllTestClassesExecutor.processAllTestClasses(JUnitPlatformTestClassProcessor.java:119)
	at org.gradle.api.internal.tasks.testing.junitplatform.JUnitPlatformTestClassProcessor$CollectAllTestClassesExecutor.access$000(JUnitPlatformTestClassProcessor.java:94)
	at org.gradle.api.internal.tasks.testing.junitplatform.JUnitPlatformTestClassProcessor.stop(JUnitPlatformTestClassProcessor.java:89)
	at org.gradle.api.internal.tasks.testing.SuiteTestClassProcessor.stop(SuiteTestClassProcessor.java:62)
	at java.base/jdk.internal.reflect.NativeMethodAccessorImpl.invoke0(Native Method)
	at java.base/jdk.internal.reflect.NativeMethodAccessorImpl.invoke(NativeMethodAccessorImpl.java:77)
	at java.base/jdk.internal.reflect.DelegatingMethodAccessorImpl.invoke(DelegatingMethodAccessorImpl.java:43)
	at java.base/java.lang.reflect.Method.invoke(Method.java:568)
	at org.gradle.internal.dispatch.ReflectionDispatch.dispatch(ReflectionDispatch.java:36)
	at org.gradle.internal.dispatch.ReflectionDispatch.dispatch(ReflectionDispatch.java:24)
	at org.gradle.internal.dispatch.ContextClassLoaderDispatch.dispatch(ContextClassLoaderDispatch.java:33)
	at org.gradle.internal.dispatch.ProxyDispatchAdapter$DispatchingInvocationHandler.invoke(ProxyDispatchAdapter.java:94)
	at jdk.proxy1/jdk.proxy1.$Proxy2.stop(Unknown Source)
	at org.gradle.api.internal.tasks.testing.worker.TestWorker$3.run(TestWorker.java:193)
	at org.gradle.api.internal.tasks.testing.worker.TestWorker.executeAndMaintainThreadName(TestWorker.java:129)
	at org.gradle.api.internal.tasks.testing.worker.TestWorker.execute(TestWorker.java:100)
	at org.gradle.api.internal.tasks.testing.worker.TestWorker.execute(TestWorker.java:60)
	at org.gradle.process.internal.worker.child.ActionExecutionWorker.execute(ActionExecutionWorker.java:56)
	at org.gradle.process.internal.worker.child.SystemApplicationClassLoaderWorker.call(SystemApplicationClassLoaderWorker.java:119)
	at org.gradle.process.internal.worker.child.SystemApplicationClassLoaderWorker.call(SystemApplicationClassLoaderWorker.java:66)
	at worker.org.gradle.process.internal.worker.GradleWorkerMain.run(GradleWorkerMain.java:69)
	at worker.org.gradle.process.internal.worker.GradleWorkerMain.main(GradleWorkerMain.java:74)
01:39:10.444 [Test worker] INFO  b.management.service.LoanServiceImpl - Retrieving loan with ID: 1
01:39:10.444 [Test worker] ERROR b.management.service.LoanServiceImpl - EntityNotFoundException: Loan not found with ID: 1
01:39:10.445 [Test worker] INFO  o.s.t.c.s.AnnotationConfigContextLoaderUtils - Could not detect default configuration classes for test class [banking.management.service.PaymentServiceImplTest]: PaymentServiceImplTest does not declare any static, non-private, non-final, nested classes annotated with @Configuration.
01:39:10.475 [Test worker] INFO  b.m.service.PaymentServiceImpl - Retrieving payment with ID: 1
01:39:10.476 [Test worker] ERROR b.m.service.PaymentServiceImpl - EntityNotFoundException: Payment not found with ID: 1
01:39:10.478 [Test worker] INFO  b.m.service.PaymentServiceImpl - Retrieving payment with ID: 1
01:39:10.478 [Test worker] INFO  b.m.service.PaymentServiceImpl - Payment retrieved successfully for ID: 1
01:39:10.480 [Test worker] INFO  b.m.service.PaymentServiceImpl - Creating a new payment...
01:39:10.481 [Test worker] ERROR b.m.service.PaymentServiceImpl - EntityNotFoundException: Account not found with ID: 1
01:39:10.484 [Test worker] INFO  b.m.service.PaymentServiceImpl - Creating a new payment...
01:39:10.484 [Test worker] INFO  b.m.service.PaymentServiceImpl - Payment created successfully with ID: 1
01:39:10.488 [Test worker] INFO  b.management.service.UserServiceImpl - Retrieving user with ID: 1
01:39:10.488 [Test worker] ERROR b.management.service.UserServiceImpl - EntityNotFoundException: User not found with ID: 1
01:39:10.490 [Test worker] INFO  b.management.service.UserServiceImpl - Updating user with ID: 1
01:39:10.491 [Test worker] INFO  b.management.service.UserServiceImpl - User updated successfully with ID: 1
01:39:10.493 [Test worker] INFO  b.management.service.UserServiceImpl - Deleting user with ID: 1
01:39:10.493 [Test worker] ERROR b.management.service.UserServiceImpl - EntityNotFoundException: User not found with ID: 1
01:39:10.494 [Test worker] INFO  b.management.service.UserServiceImpl - Updating user with ID: 1
01:39:10.495 [Test worker] ERROR b.management.service.UserServiceImpl - EntityNotFoundException: User not found with ID: 1
01:39:10.496 [Test worker] INFO  b.management.service.UserServiceImpl - Creating a new user...
01:39:10.497 [Test worker] INFO  b.management.service.UserServiceImpl - User created successfully with ID: 1
01:39:10.499 [Test worker] INFO  b.management.service.UserServiceImpl - Deleting user with ID: 1
01:39:10.499 [Test worker] INFO  b.management.service.UserServiceImpl - User deleted successfully with ID: 1
01:39:10.500 [Test worker] INFO  b.management.service.UserServiceImpl - Retrieving user with ID: 1
01:39:10.500 [Test worker] INFO  b.management.service.UserServiceImpl - User retrieved successfully for ID: 1
01:39:10.507 [SpringApplicationShutdownHook] INFO  o.s.o.j.LocalContainerEntityManagerFactoryBean - Closing JPA EntityManagerFactory for persistence unit 'default'
01:39:10.508 [SpringApplicationShutdownHook] INFO  com.zaxxer.hikari.HikariDataSource - HikariPool-1 - Shutdown initiated...
01:39:10.511 [SpringApplicationShutdownHook] INFO  com.zaxxer.hikari.HikariDataSource - HikariPool-1 - Shutdown completed.
01:39:10.512 [SpringApplicationShutdownHook] INFO  o.s.o.j.LocalContainerEntityManagerFactoryBean - Closing JPA EntityManagerFactory for persistence unit 'default'
01:39:10.513 [SpringApplicationShutdownHook] INFO  com.zaxxer.hikari.HikariDataSource - HikariPool-2 - Shutdown initiated...
01:39:10.627 [SpringApplicationShutdownHook] INFO  com.zaxxer.hikari.HikariDataSource - HikariPool-2 - Shutdown completed.
01:39:51.747 [background-preinit] INFO  o.h.validator.internal.util.Version - HV000001: Hibernate Validator 8.0.1.Final
01:39:51.769 [main] INFO  b.management.ManagementApplication - Starting ManagementApplication using Java 17.0.11 with PID 67140 (/Users/jinesh/Downloads/management/build/classes/java/main started by jinesh in /Users/jinesh/Downloads/management)
01:39:51.769 [main] INFO  b.management.ManagementApplication - No active profile set, falling back to 1 default profile: "default"
01:39:52.143 [main] INFO  o.s.d.r.c.RepositoryConfigurationDelegate - Bootstrapping Spring Data JPA repositories in DEFAULT mode.
01:39:52.195 [main] INFO  o.s.d.r.c.RepositoryConfigurationDelegate - Finished Spring Data repository scanning in 49 ms. Found 5 JPA repository interfaces.
01:39:52.410 [main] INFO  o.s.b.w.e.tomcat.TomcatWebServer - Tomcat initialized with port 8080 (http)
01:39:52.414 [main] INFO  o.a.coyote.http11.Http11NioProtocol - Initializing ProtocolHandler ["http-nio-8080"]
01:39:52.415 [main] INFO  o.a.catalina.core.StandardService - Starting service [Tomcat]
01:39:52.415 [main] INFO  o.a.catalina.core.StandardEngine - Starting Servlet engine: [Apache Tomcat/10.1.24]
01:39:52.448 [main] INFO  o.a.c.c.C.[Tomcat].[localhost].[/] - Initializing Spring embedded WebApplicationContext
01:39:52.448 [main] INFO  o.s.b.w.s.c.ServletWebServerApplicationContext - Root WebApplicationContext: initialization completed in 662 ms
01:39:52.514 [main] INFO  o.h.jpa.internal.util.LogHelper - HHH000204: Processing PersistenceUnitInfo [name: default]
01:39:52.536 [main] INFO  org.hibernate.Version - HHH000412: Hibernate ORM core version 6.4.8.Final
01:39:52.548 [main] INFO  o.h.c.i.RegionFactoryInitiator - HHH000026: Second-level cache disabled
01:39:52.647 [main] INFO  o.s.o.j.p.SpringPersistenceUnitInfo - No LoadTimeWeaver setup: ignoring JPA class transformer
01:39:52.659 [main] INFO  com.zaxxer.hikari.HikariDataSource - HikariPool-1 - Starting...
01:39:53.038 [main] INFO  com.zaxxer.hikari.pool.HikariPool - HikariPool-1 - Added connection com.mysql.cj.jdbc.ConnectionImpl@4fdac2a7
01:39:53.040 [main] INFO  com.zaxxer.hikari.HikariDataSource - HikariPool-1 - Start completed.
01:39:53.569 [main] INFO  o.h.e.t.j.p.i.JtaPlatformInitiator - HHH000489: No JTA platform available (set 'hibernate.transaction.jta.platform' to enable JTA platform integration)
01:39:54.372 [main] INFO  o.s.o.j.LocalContainerEntityManagerFactoryBean - Initialized JPA EntityManagerFactory for persistence unit 'default'
01:39:54.589 [main] WARN  o.s.b.a.o.j.JpaBaseConfiguration$JpaWebConfiguration - spring.jpa.open-in-view is enabled by default. Therefore, database queries may be performed during view rendering. Explicitly configure spring.jpa.open-in-view to disable this warning
01:39:54.771 [main] INFO  o.a.coyote.http11.Http11NioProtocol - Starting ProtocolHandler ["http-nio-8080"]
01:39:54.777 [main] INFO  o.s.b.w.e.tomcat.TomcatWebServer - Tomcat started on port 8080 (http) with context path ''
01:39:54.785 [main] INFO  b.management.ManagementApplication - Started ManagementApplication in 3.165 seconds (process running for 3.698)
