21:57:25.872 [Test worker] INFO  o.s.t.c.s.AnnotationConfigContextLoaderUtils - Could not detect default configuration classes for test class [banking.management.ManagementApplicationTests]: ManagementApplicationTests does not declare any static, non-private, non-final, nested classes annotated with @Configuration.
21:57:26.014 [Test worker] INFO  o.s.b.t.c.SpringBootTestContextBootstrapper - Found @SpringBootConfiguration banking.management.ManagementApplication for test class banking.management.ManagementApplicationTests
21:57:26.324 [background-preinit] INFO  o.h.validator.internal.util.Version - HV000001: Hibernate Validator 8.0.1.Final
21:57:26.389 [Test worker] INFO  b.m.ManagementApplicationTests - Starting ManagementApplicationTests using Java 17.0.11 with PID 3976 (started by jinesh in /Users/jinesh/Downloads/management)
21:57:26.390 [Test worker] INFO  b.m.ManagementApplicationTests - No active profile set, falling back to 1 default profile: "default"
21:57:27.208 [Test worker] INFO  o.s.d.r.c.RepositoryConfigurationDelegate - Bootstrapping Spring Data JPA repositories in DEFAULT mode.
21:57:27.289 [Test worker] INFO  o.s.d.r.c.RepositoryConfigurationDelegate - Finished Spring Data repository scanning in 73 ms. Found 5 JPA repository interfaces.
21:57:27.723 [Test worker] INFO  o.h.jpa.internal.util.LogHelper - HHH000204: Processing PersistenceUnitInfo [name: default]
21:57:27.788 [Test worker] INFO  org.hibernate.Version - HHH000412: Hibernate ORM core version 6.4.8.Final
21:57:27.823 [Test worker] INFO  o.h.c.i.RegionFactoryInitiator - HHH000026: Second-level cache disabled
21:57:28.051 [Test worker] INFO  o.s.o.j.p.SpringPersistenceUnitInfo - No LoadTimeWeaver setup: ignoring JPA class transformer
21:57:28.086 [Test worker] INFO  com.zaxxer.hikari.HikariDataSource - HikariPool-1 - Starting...
21:57:28.622 [Test worker] INFO  com.zaxxer.hikari.pool.HikariPool - HikariPool-1 - Added connection com.mysql.cj.jdbc.ConnectionImpl@2b7d7d68
21:57:28.624 [Test worker] INFO  com.zaxxer.hikari.HikariDataSource - HikariPool-1 - Start completed.
21:57:29.744 [Test worker] INFO  o.h.e.t.j.p.i.JtaPlatformInitiator - HHH000489: No JTA platform available (set 'hibernate.transaction.jta.platform' to enable JTA platform integration)
21:57:30.628 [Test worker] INFO  o.s.o.j.LocalContainerEntityManagerFactoryBean - Initialized JPA EntityManagerFactory for persistence unit 'default'
21:57:31.155 [Test worker] WARN  o.s.b.a.o.j.JpaBaseConfiguration$JpaWebConfiguration - spring.jpa.open-in-view is enabled by default. Therefore, database queries may be performed during view rendering. Explicitly configure spring.jpa.open-in-view to disable this warning
21:57:31.542 [Test worker] INFO  b.m.ManagementApplicationTests - Started ManagementApplicationTests in 5.386 seconds (process running for 6.756)
21:57:32.041 [Test worker] INFO  o.s.t.c.s.AnnotationConfigContextLoaderUtils - Could not detect default configuration classes for test class [banking.management.controller.AccountControllerTest]: AccountControllerTest does not declare any static, non-private, non-final, nested classes annotated with @Configuration.
21:57:32.123 [Test worker] INFO  b.m.controller.AccountController - Deleting account with ID: 1
21:57:32.126 [Test worker] INFO  b.m.controller.AccountController - Account deleted successfully with ID: 1
21:57:32.138 [Test worker] INFO  b.m.controller.AccountController - Deleting account with ID: 1
21:57:32.138 [Test worker] ERROR b.m.controller.AccountController - Account not found with ID: 1
21:57:32.145 [Test worker] INFO  b.m.controller.AccountController - Creating new account...
21:57:32.146 [Test worker] INFO  b.m.controller.AccountController - Account created successfully with ID: null
21:57:32.150 [Test worker] INFO  b.m.controller.AccountController - Updating account with ID: 1
21:57:32.150 [Test worker] ERROR b.m.controller.AccountController - Account not found with ID: 1
21:57:32.154 [Test worker] INFO  b.m.controller.AccountController - Creating new account...
21:57:32.154 [Test worker] ERROR b.m.controller.AccountController - Unexpected error occurred while creating the account: Unexpected error
21:57:32.158 [Test worker] INFO  b.m.controller.AccountController - Retrieving account with ID: 1
21:57:32.159 [Test worker] INFO  b.m.controller.AccountController - Account retrieved successfully for ID: 1
21:57:32.162 [Test worker] INFO  b.m.controller.AccountController - Updating account with ID: 1
21:57:32.163 [Test worker] INFO  b.m.controller.AccountController - Account updated successfully with ID: 1
21:57:32.166 [Test worker] INFO  b.m.controller.AccountController - Retrieving account with ID: 1
21:57:32.168 [Test worker] ERROR b.m.controller.AccountController - Account not found with ID: 1
21:57:32.170 [Test worker] INFO  o.s.t.c.s.AnnotationConfigContextLoaderUtils - Could not detect default configuration classes for test class [banking.management.controller.LoanControllerTest]: LoanControllerTest does not declare any static, non-private, non-final, nested classes annotated with @Configuration.
21:57:32.201 [Test worker] INFO  b.m.controller.LoanController - Creating new loan...
21:57:32.202 [Test worker] INFO  b.m.controller.LoanController - Loan created successfully with ID: null
21:57:32.210 [Test worker] INFO  b.m.controller.LoanController - Creating new loan...
21:57:32.210 [Test worker] ERROR b.m.controller.LoanController - Entity not found: Account not found
21:57:32.213 [Test worker] INFO  b.m.controller.LoanController - Deleting loan with ID: 1
21:57:32.213 [Test worker] INFO  b.m.controller.LoanController - Loan deleted successfully with ID: 1
21:57:32.217 [Test worker] INFO  b.m.controller.LoanController - Retrieving loan with ID: 1
21:57:32.217 [Test worker] INFO  b.m.controller.LoanController - Loan retrieved successfully for ID: 1
21:57:32.220 [Test worker] INFO  b.m.controller.LoanController - Updating loan with ID: 1
21:57:32.220 [Test worker] INFO  b.m.controller.LoanController - Loan updated successfully with ID: 1
21:57:32.225 [Test worker] INFO  b.m.controller.LoanController - Updating loan with ID: 1
21:57:32.225 [Test worker] ERROR b.m.controller.LoanController - Loan not found with ID: 1
21:57:32.228 [Test worker] INFO  b.m.controller.LoanController - Deleting loan with ID: 1
21:57:32.228 [Test worker] ERROR b.m.controller.LoanController - Loan not found with ID: 1
21:57:32.231 [Test worker] INFO  b.m.controller.LoanController - Retrieving loan with ID: 1
21:57:32.232 [Test worker] ERROR b.m.controller.LoanController - Loan not found with ID: 1
21:57:32.255 [Test worker] INFO  b.m.controller.PaymentController - Creating new payment...
21:57:32.255 [Test worker] ERROR b.m.controller.PaymentController - Entity not found: Account not found
21:57:32.258 [Test worker] INFO  b.m.controller.PaymentController - Retrieving payment with ID: 1
21:57:32.258 [Test worker] INFO  b.m.controller.PaymentController - Payment retrieved successfully for ID: 1
21:57:32.259 [Test worker] INFO  b.m.controller.PaymentController - Creating new payment...
21:57:32.260 [Test worker] INFO  b.m.controller.PaymentController - Payment created successfully with ID: 1
21:57:32.261 [Test worker] INFO  b.m.controller.PaymentController - Retrieving payment with ID: 1
21:57:32.261 [Test worker] ERROR b.m.controller.PaymentController - Payment not found with ID: 1
21:57:32.263 [Test worker] INFO  o.s.t.c.s.AnnotationConfigContextLoaderUtils - Could not detect default configuration classes for test class [banking.management.controller.UserControllerTest]: UserControllerTest does not declare any static, non-private, non-final, nested classes annotated with @Configuration.
21:57:32.289 [Test worker] INFO  b.m.controller.UserController - Creating new user...
21:57:32.290 [Test worker] ERROR b.m.controller.UserController - Unexpected error occurred while creating the user: Unexpected error
21:57:32.292 [Test worker] INFO  b.m.controller.UserController - Retrieving user with ID: 1
21:57:32.293 [Test worker] ERROR b.m.controller.UserController - User not found with ID: 1
jakarta.persistence.EntityNotFoundException: User not found with ID: 1
	at banking.management.controller.UserController.getUserById(UserController.java:78)
	at banking.management.controller.UserControllerTest.testGetUserById_NotFound(UserControllerTest.java:106)
	at java.base/jdk.internal.reflect.NativeMethodAccessorImpl.invoke0(Native Method)
	at java.base/jdk.internal.reflect.NativeMethodAccessorImpl.invoke(NativeMethodAccessorImpl.java:77)
	at java.base/jdk.internal.reflect.DelegatingMethodAccessorImpl.invoke(DelegatingMethodAccessorImpl.java:43)
	at java.base/java.lang.reflect.Method.invoke(Method.java:568)
	at org.junit.platform.commons.util.ReflectionUtils.invokeMethod(ReflectionUtils.java:728)
	at org.junit.jupiter.engine.execution.MethodInvocation.proceed(MethodInvocation.java:60)
	at org.junit.jupiter.engine.execution.InvocationInterceptorChain$ValidatingInvocation.proceed(InvocationInterceptorChain.java:131)
	at org.junit.jupiter.engine.extension.TimeoutExtension.intercept(TimeoutExtension.java:156)
	at org.junit.jupiter.engine.extension.TimeoutExtension.interceptTestableMethod(TimeoutExtension.java:147)
	at org.junit.jupiter.engine.extension.TimeoutExtension.interceptTestMethod(TimeoutExtension.java:86)
	at org.junit.jupiter.engine.execution.InterceptingExecutableInvoker$ReflectiveInterceptorCall.lambda$ofVoidMethod$0(InterceptingExecutableInvoker.java:103)
	at org.junit.jupiter.engine.execution.InterceptingExecutableInvoker.lambda$invoke$0(InterceptingExecutableInvoker.java:93)
	at org.junit.jupiter.engine.execution.InvocationInterceptorChain$InterceptedInvocation.proceed(InvocationInterceptorChain.java:106)
	at org.junit.jupiter.engine.execution.InvocationInterceptorChain.proceed(InvocationInterceptorChain.java:64)
	at org.junit.jupiter.engine.execution.InvocationInterceptorChain.chainAndInvoke(InvocationInterceptorChain.java:45)
	at org.junit.jupiter.engine.execution.InvocationInterceptorChain.invoke(InvocationInterceptorChain.java:37)
	at org.junit.jupiter.engine.execution.InterceptingExecutableInvoker.invoke(InterceptingExecutableInvoker.java:92)
	at org.junit.jupiter.engine.execution.InterceptingExecutableInvoker.invoke(InterceptingExecutableInvoker.java:86)
	at org.junit.jupiter.engine.descriptor.TestMethodTestDescriptor.lambda$invokeTestMethod$7(TestMethodTestDescriptor.java:218)
	at org.junit.platform.engine.support.hierarchical.ThrowableCollector.execute(ThrowableCollector.java:73)
	at org.junit.jupiter.engine.descriptor.TestMethodTestDescriptor.invokeTestMethod(TestMethodTestDescriptor.java:214)
	at org.junit.jupiter.engine.descriptor.TestMethodTestDescriptor.execute(TestMethodTestDescriptor.java:139)
	at org.junit.jupiter.engine.descriptor.TestMethodTestDescriptor.execute(TestMethodTestDescriptor.java:69)
	at org.junit.platform.engine.support.hierarchical.NodeTestTask.lambda$executeRecursively$6(NodeTestTask.java:151)
	at org.junit.platform.engine.support.hierarchical.ThrowableCollector.execute(ThrowableCollector.java:73)
	at org.junit.platform.engine.support.hierarchical.NodeTestTask.lambda$executeRecursively$8(NodeTestTask.java:141)
	at org.junit.platform.engine.support.hierarchical.Node.around(Node.java:137)
	at org.junit.platform.engine.support.hierarchical.NodeTestTask.lambda$executeRecursively$9(NodeTestTask.java:139)
	at org.junit.platform.engine.support.hierarchical.ThrowableCollector.execute(ThrowableCollector.java:73)
	at org.junit.platform.engine.support.hierarchical.NodeTestTask.executeRecursively(NodeTestTask.java:138)
	at org.junit.platform.engine.support.hierarchical.NodeTestTask.execute(NodeTestTask.java:95)
	at java.base/java.util.ArrayList.forEach(ArrayList.java:1511)
	at org.junit.platform.engine.support.hierarchical.SameThreadHierarchicalTestExecutorService.invokeAll(SameThreadHierarchicalTestExecutorService.java:41)
	at org.junit.platform.engine.support.hierarchical.NodeTestTask.lambda$executeRecursively$6(NodeTestTask.java:155)
	at org.junit.platform.engine.support.hierarchical.ThrowableCollector.execute(ThrowableCollector.java:73)
	at org.junit.platform.engine.support.hierarchical.NodeTestTask.lambda$executeRecursively$8(NodeTestTask.java:141)
	at org.junit.platform.engine.support.hierarchical.Node.around(Node.java:137)
	at org.junit.platform.engine.support.hierarchical.NodeTestTask.lambda$executeRecursively$9(NodeTestTask.java:139)
	at org.junit.platform.engine.support.hierarchical.ThrowableCollector.execute(ThrowableCollector.java:73)
	at org.junit.platform.engine.support.hierarchical.NodeTestTask.executeRecursively(NodeTestTask.java:138)
	at org.junit.platform.engine.support.hierarchical.NodeTestTask.execute(NodeTestTask.java:95)
	at java.base/java.util.ArrayList.forEach(ArrayList.java:1511)
	at org.junit.platform.engine.support.hierarchical.SameThreadHierarchicalTestExecutorService.invokeAll(SameThreadHierarchicalTestExecutorService.java:41)
	at org.junit.platform.engine.support.hierarchical.NodeTestTask.lambda$executeRecursively$6(NodeTestTask.java:155)
	at org.junit.platform.engine.support.hierarchical.ThrowableCollector.execute(ThrowableCollector.java:73)
	at org.junit.platform.engine.support.hierarchical.NodeTestTask.lambda$executeRecursively$8(NodeTestTask.java:141)
	at org.junit.platform.engine.support.hierarchical.Node.around(Node.java:137)
	at org.junit.platform.engine.support.hierarchical.NodeTestTask.lambda$executeRecursively$9(NodeTestTask.java:139)
	at org.junit.platform.engine.support.hierarchical.ThrowableCollector.execute(ThrowableCollector.java:73)
	at org.junit.platform.engine.support.hierarchical.NodeTestTask.executeRecursively(NodeTestTask.java:138)
	at org.junit.platform.engine.support.hierarchical.NodeTestTask.execute(NodeTestTask.java:95)
	at org.junit.platform.engine.support.hierarchical.SameThreadHierarchicalTestExecutorService.submit(SameThreadHierarchicalTestExecutorService.java:35)
	at org.junit.platform.engine.support.hierarchical.HierarchicalTestExecutor.execute(HierarchicalTestExecutor.java:57)
	at org.junit.platform.engine.support.hierarchical.HierarchicalTestEngine.execute(HierarchicalTestEngine.java:54)
	at org.junit.platform.launcher.core.EngineExecutionOrchestrator.execute(EngineExecutionOrchestrator.java:198)
	at org.junit.platform.launcher.core.EngineExecutionOrchestrator.execute(EngineExecutionOrchestrator.java:169)
	at org.junit.platform.launcher.core.EngineExecutionOrchestrator.execute(EngineExecutionOrchestrator.java:93)
	at org.junit.platform.launcher.core.EngineExecutionOrchestrator.lambda$execute$0(EngineExecutionOrchestrator.java:58)
	at org.junit.platform.launcher.core.EngineExecutionOrchestrator.withInterceptedStreams(EngineExecutionOrchestrator.java:141)
	at org.junit.platform.launcher.core.EngineExecutionOrchestrator.execute(EngineExecutionOrchestrator.java:57)
	at org.junit.platform.launcher.core.DefaultLauncher.execute(DefaultLauncher.java:103)
	at org.junit.platform.launcher.core.DefaultLauncher.execute(DefaultLauncher.java:85)
	at org.junit.platform.launcher.core.DelegatingLauncher.execute(DelegatingLauncher.java:47)
	at org.gradle.api.internal.tasks.testing.junitplatform.JUnitPlatformTestClassProcessor$CollectAllTestClassesExecutor.processAllTestClasses(JUnitPlatformTestClassProcessor.java:119)
	at org.gradle.api.internal.tasks.testing.junitplatform.JUnitPlatformTestClassProcessor$CollectAllTestClassesExecutor.access$000(JUnitPlatformTestClassProcessor.java:94)
	at org.gradle.api.internal.tasks.testing.junitplatform.JUnitPlatformTestClassProcessor.stop(JUnitPlatformTestClassProcessor.java:89)
	at org.gradle.api.internal.tasks.testing.SuiteTestClassProcessor.stop(SuiteTestClassProcessor.java:62)
	at java.base/jdk.internal.reflect.NativeMethodAccessorImpl.invoke0(Native Method)
	at java.base/jdk.internal.reflect.NativeMethodAccessorImpl.invoke(NativeMethodAccessorImpl.java:77)
	at java.base/jdk.internal.reflect.DelegatingMethodAccessorImpl.invoke(DelegatingMethodAccessorImpl.java:43)
	at java.base/java.lang.reflect.Method.invoke(Method.java:568)
	at org.gradle.internal.dispatch.ReflectionDispatch.dispatch(ReflectionDispatch.java:36)
	at org.gradle.internal.dispatch.ReflectionDispatch.dispatch(ReflectionDispatch.java:24)
	at org.gradle.internal.dispatch.ContextClassLoaderDispatch.dispatch(ContextClassLoaderDispatch.java:33)
	at org.gradle.internal.dispatch.ProxyDispatchAdapter$DispatchingInvocationHandler.invoke(ProxyDispatchAdapter.java:94)
	at jdk.proxy1/jdk.proxy1.$Proxy2.stop(Unknown Source)
	at org.gradle.api.internal.tasks.testing.worker.TestWorker$3.run(TestWorker.java:193)
	at org.gradle.api.internal.tasks.testing.worker.TestWorker.executeAndMaintainThreadName(TestWorker.java:129)
	at org.gradle.api.internal.tasks.testing.worker.TestWorker.execute(TestWorker.java:100)
	at org.gradle.api.internal.tasks.testing.worker.TestWorker.execute(TestWorker.java:60)
	at org.gradle.process.internal.worker.child.ActionExecutionWorker.execute(ActionExecutionWorker.java:56)
	at org.gradle.process.internal.worker.child.SystemApplicationClassLoaderWorker.call(SystemApplicationClassLoaderWorker.java:119)
	at org.gradle.process.internal.worker.child.SystemApplicationClassLoaderWorker.call(SystemApplicationClassLoaderWorker.java:66)
	at worker.org.gradle.process.internal.worker.GradleWorkerMain.run(GradleWorkerMain.java:69)
	at worker.org.gradle.process.internal.worker.GradleWorkerMain.main(GradleWorkerMain.java:74)
21:57:32.299 [Test worker] INFO  b.m.controller.UserController - Deleting user with ID: 1
21:57:32.300 [Test worker] INFO  b.m.controller.UserController - User deleted successfully for ID: 1
21:57:32.305 [Test worker] INFO  b.m.controller.UserController - Updating user with ID: 1
21:57:32.305 [Test worker] INFO  b.m.controller.UserController - User updated successfully for ID: 1
21:57:32.308 [Test worker] INFO  b.m.controller.UserController - Deleting user with ID: 1
21:57:32.309 [Test worker] ERROR b.m.controller.UserController - User not found with ID: 1
21:57:32.312 [Test worker] INFO  b.m.controller.UserController - Updating user with ID: 1
21:57:32.312 [Test worker] ERROR b.m.controller.UserController - User not found with ID: 1
21:57:32.317 [Test worker] INFO  b.m.controller.UserController - Creating new user...
21:57:32.318 [Test worker] INFO  b.m.controller.UserController - User created successfully with ID: 1
21:57:32.321 [Test worker] INFO  b.m.controller.UserController - Retrieving user with ID: 1
21:57:32.322 [Test worker] INFO  b.m.controller.UserController - User retrieved successfully for ID: 1
21:57:32.325 [Test worker] INFO  o.s.t.c.s.AnnotationConfigContextLoaderUtils - Could not detect default configuration classes for test class [banking.management.service.AccountServiceImplTest]: AccountServiceImplTest does not declare any static, non-private, non-final, nested classes annotated with @Configuration.
21:57:32.351 [Test worker] INFO  o.s.b.t.c.SpringBootTestContextBootstrapper - Found @SpringBootConfiguration banking.management.ManagementApplication for test class banking.management.service.AccountServiceImplTest
21:57:32.364 [Test worker] INFO  b.m.service.AccountServiceImplTest - Starting AccountServiceImplTest using Java 17.0.11 with PID 3976 (started by jinesh in /Users/jinesh/Downloads/management)
21:57:32.365 [Test worker] INFO  b.m.service.AccountServiceImplTest - No active profile set, falling back to 1 default profile: "default"
21:57:32.525 [Test worker] INFO  o.s.d.r.c.RepositoryConfigurationDelegate - Bootstrapping Spring Data JPA repositories in DEFAULT mode.
21:57:32.548 [Test worker] INFO  o.s.d.r.c.RepositoryConfigurationDelegate - Finished Spring Data repository scanning in 22 ms. Found 5 JPA repository interfaces.
21:57:32.600 [Test worker] INFO  o.h.jpa.internal.util.LogHelper - HHH000204: Processing PersistenceUnitInfo [name: default]
21:57:32.601 [Test worker] INFO  o.h.c.i.RegionFactoryInitiator - HHH000026: Second-level cache disabled
21:57:32.604 [Test worker] INFO  o.s.o.j.p.SpringPersistenceUnitInfo - No LoadTimeWeaver setup: ignoring JPA class transformer
21:57:32.604 [Test worker] INFO  com.zaxxer.hikari.HikariDataSource - HikariPool-2 - Starting...
21:57:32.915 [Test worker] INFO  com.zaxxer.hikari.pool.HikariPool - HikariPool-2 - Added connection com.mysql.cj.jdbc.ConnectionImpl@4b0f48ac
21:57:32.916 [Test worker] INFO  com.zaxxer.hikari.HikariDataSource - HikariPool-2 - Start completed.
21:57:33.018 [Test worker] INFO  o.h.e.t.j.p.i.JtaPlatformInitiator - HHH000489: No JTA platform available (set 'hibernate.transaction.jta.platform' to enable JTA platform integration)
21:57:33.867 [Test worker] INFO  o.s.o.j.LocalContainerEntityManagerFactoryBean - Initialized JPA EntityManagerFactory for persistence unit 'default'
21:57:33.950 [Test worker] WARN  o.s.b.a.o.j.JpaBaseConfiguration$JpaWebConfiguration - spring.jpa.open-in-view is enabled by default. Therefore, database queries may be performed during view rendering. Explicitly configure spring.jpa.open-in-view to disable this warning
21:57:34.039 [Test worker] INFO  b.m.service.AccountServiceImplTest - Started AccountServiceImplTest in 1.687 seconds (process running for 9.253)
21:57:34.155 [Test worker] INFO  b.m.service.AccountServiceImpl - Deleting account with ID: 1
21:57:34.156 [Test worker] INFO  b.m.service.AccountServiceImpl - Account deleted successfully with ID: 1
21:57:34.161 [Test worker] INFO  b.m.service.AccountServiceImpl - Creating a new account...
21:57:34.162 [Test worker] INFO  b.m.service.AccountServiceImpl - Account created successfully with ID: 1
21:57:34.167 [Test worker] INFO  b.m.service.AccountServiceImpl - Deleting account with ID: 1
21:57:34.167 [Test worker] ERROR b.m.service.AccountServiceImpl - EntityNotFoundException: Account not found with ID: 1
21:57:34.171 [Test worker] INFO  b.m.service.AccountServiceImpl - Retrieving account with ID: 1
21:57:34.172 [Test worker] INFO  b.m.service.AccountServiceImpl - Account retrieved successfully for ID: 1
21:57:34.177 [Test worker] INFO  b.m.service.AccountServiceImpl - Updating account with ID: 1
21:57:34.177 [Test worker] INFO  b.m.service.AccountServiceImpl - Account updated successfully with ID: 1
21:57:34.181 [Test worker] INFO  b.m.service.AccountServiceImpl - Creating a new account...
21:57:34.182 [Test worker] ERROR b.m.service.AccountServiceImpl - EntityNotFoundException: Details not found for IFSC: ICIC0000010
21:57:34.186 [Test worker] INFO  b.m.service.AccountServiceImpl - Retrieving account with ID: 1
21:57:34.187 [Test worker] ERROR b.m.service.AccountServiceImpl - EntityNotFoundException: Account not found with ID: 1
21:57:34.189 [Test worker] INFO  o.s.t.c.s.AnnotationConfigContextLoaderUtils - Could not detect default configuration classes for test class [banking.management.service.LoanServiceImplTest]: LoanServiceImplTest does not declare any static, non-private, non-final, nested classes annotated with @Configuration.
21:57:34.225 [Test worker] INFO  b.management.service.LoanServiceImpl - Creating a new loan...
21:57:34.225 [Test worker] INFO  b.management.service.LoanServiceImpl - Loan created successfully with ID: 1
21:57:34.228 [Test worker] INFO  b.management.service.LoanServiceImpl - Deleting loan with ID: 1
21:57:34.229 [Test worker] INFO  b.management.service.LoanServiceImpl - Loan deleted successfully with ID: 1
21:57:34.232 [Test worker] INFO  b.management.service.LoanServiceImpl - Retrieving loan with ID: 1
21:57:34.232 [Test worker] INFO  b.management.service.LoanServiceImpl - Loan retrieved successfully for ID: 1
21:57:34.235 [Test worker] INFO  b.management.service.LoanServiceImpl - Creating a new loan...
21:57:34.235 [Test worker] INFO  b.management.service.LoanServiceImpl - Loan created successfully with ID: 1
21:57:34.238 [Test worker] INFO  b.management.service.LoanServiceImpl - Updating loan with ID: 1
21:57:34.238 [Test worker] ERROR b.management.service.LoanServiceImpl - EntityNotFoundException: Loan not found with ID: 1
21:57:34.242 [Test worker] INFO  b.management.service.LoanServiceImpl - Deleting loan with ID: 1
21:57:34.242 [Test worker] ERROR b.management.service.LoanServiceImpl - EntityNotFoundException: Loan not found with ID: 1
jakarta.persistence.EntityNotFoundException: Loan not found with ID: 1
	at banking.management.service.LoanServiceImpl.deleteLoan(LoanServiceImpl.java:140)
	at banking.management.service.LoanServiceImplTest.lambda$testDeleteLoan_LoanNotFound$2(LoanServiceImplTest.java:230)
	at org.junit.jupiter.api.AssertThrows.assertThrows(AssertThrows.java:53)
	at org.junit.jupiter.api.AssertThrows.assertThrows(AssertThrows.java:35)
	at org.junit.jupiter.api.Assertions.assertThrows(Assertions.java:3115)
	at banking.management.service.LoanServiceImplTest.testDeleteLoan_LoanNotFound(LoanServiceImplTest.java:229)
	at java.base/jdk.internal.reflect.NativeMethodAccessorImpl.invoke0(Native Method)
	at java.base/jdk.internal.reflect.NativeMethodAccessorImpl.invoke(NativeMethodAccessorImpl.java:77)
	at java.base/jdk.internal.reflect.DelegatingMethodAccessorImpl.invoke(DelegatingMethodAccessorImpl.java:43)
	at java.base/java.lang.reflect.Method.invoke(Method.java:568)
	at org.junit.platform.commons.util.ReflectionUtils.invokeMethod(ReflectionUtils.java:728)
	at org.junit.jupiter.engine.execution.MethodInvocation.proceed(MethodInvocation.java:60)
	at org.junit.jupiter.engine.execution.InvocationInterceptorChain$ValidatingInvocation.proceed(InvocationInterceptorChain.java:131)
	at org.junit.jupiter.engine.extension.TimeoutExtension.intercept(TimeoutExtension.java:156)
	at org.junit.jupiter.engine.extension.TimeoutExtension.interceptTestableMethod(TimeoutExtension.java:147)
	at org.junit.jupiter.engine.extension.TimeoutExtension.interceptTestMethod(TimeoutExtension.java:86)
	at org.junit.jupiter.engine.execution.InterceptingExecutableInvoker$ReflectiveInterceptorCall.lambda$ofVoidMethod$0(InterceptingExecutableInvoker.java:103)
	at org.junit.jupiter.engine.execution.InterceptingExecutableInvoker.lambda$invoke$0(InterceptingExecutableInvoker.java:93)
	at org.junit.jupiter.engine.execution.InvocationInterceptorChain$InterceptedInvocation.proceed(InvocationInterceptorChain.java:106)
	at org.junit.jupiter.engine.execution.InvocationInterceptorChain.proceed(InvocationInterceptorChain.java:64)
	at org.junit.jupiter.engine.execution.InvocationInterceptorChain.chainAndInvoke(InvocationInterceptorChain.java:45)
	at org.junit.jupiter.engine.execution.InvocationInterceptorChain.invoke(InvocationInterceptorChain.java:37)
	at org.junit.jupiter.engine.execution.InterceptingExecutableInvoker.invoke(InterceptingExecutableInvoker.java:92)
	at org.junit.jupiter.engine.execution.InterceptingExecutableInvoker.invoke(InterceptingExecutableInvoker.java:86)
	at org.junit.jupiter.engine.descriptor.TestMethodTestDescriptor.lambda$invokeTestMethod$7(TestMethodTestDescriptor.java:218)
	at org.junit.platform.engine.support.hierarchical.ThrowableCollector.execute(ThrowableCollector.java:73)
	at org.junit.jupiter.engine.descriptor.TestMethodTestDescriptor.invokeTestMethod(TestMethodTestDescriptor.java:214)
	at org.junit.jupiter.engine.descriptor.TestMethodTestDescriptor.execute(TestMethodTestDescriptor.java:139)
	at org.junit.jupiter.engine.descriptor.TestMethodTestDescriptor.execute(TestMethodTestDescriptor.java:69)
	at org.junit.platform.engine.support.hierarchical.NodeTestTask.lambda$executeRecursively$6(NodeTestTask.java:151)
	at org.junit.platform.engine.support.hierarchical.ThrowableCollector.execute(ThrowableCollector.java:73)
	at org.junit.platform.engine.support.hierarchical.NodeTestTask.lambda$executeRecursively$8(NodeTestTask.java:141)
	at org.junit.platform.engine.support.hierarchical.Node.around(Node.java:137)
	at org.junit.platform.engine.support.hierarchical.NodeTestTask.lambda$executeRecursively$9(NodeTestTask.java:139)
	at org.junit.platform.engine.support.hierarchical.ThrowableCollector.execute(ThrowableCollector.java:73)
	at org.junit.platform.engine.support.hierarchical.NodeTestTask.executeRecursively(NodeTestTask.java:138)
	at org.junit.platform.engine.support.hierarchical.NodeTestTask.execute(NodeTestTask.java:95)
	at java.base/java.util.ArrayList.forEach(ArrayList.java:1511)
	at org.junit.platform.engine.support.hierarchical.SameThreadHierarchicalTestExecutorService.invokeAll(SameThreadHierarchicalTestExecutorService.java:41)
	at org.junit.platform.engine.support.hierarchical.NodeTestTask.lambda$executeRecursively$6(NodeTestTask.java:155)
	at org.junit.platform.engine.support.hierarchical.ThrowableCollector.execute(ThrowableCollector.java:73)
	at org.junit.platform.engine.support.hierarchical.NodeTestTask.lambda$executeRecursively$8(NodeTestTask.java:141)
	at org.junit.platform.engine.support.hierarchical.Node.around(Node.java:137)
	at org.junit.platform.engine.support.hierarchical.NodeTestTask.lambda$executeRecursively$9(NodeTestTask.java:139)
	at org.junit.platform.engine.support.hierarchical.ThrowableCollector.execute(ThrowableCollector.java:73)
	at org.junit.platform.engine.support.hierarchical.NodeTestTask.executeRecursively(NodeTestTask.java:138)
	at org.junit.platform.engine.support.hierarchical.NodeTestTask.execute(NodeTestTask.java:95)
	at java.base/java.util.ArrayList.forEach(ArrayList.java:1511)
	at org.junit.platform.engine.support.hierarchical.SameThreadHierarchicalTestExecutorService.invokeAll(SameThreadHierarchicalTestExecutorService.java:41)
	at org.junit.platform.engine.support.hierarchical.NodeTestTask.lambda$executeRecursively$6(NodeTestTask.java:155)
	at org.junit.platform.engine.support.hierarchical.ThrowableCollector.execute(ThrowableCollector.java:73)
	at org.junit.platform.engine.support.hierarchical.NodeTestTask.lambda$executeRecursively$8(NodeTestTask.java:141)
	at org.junit.platform.engine.support.hierarchical.Node.around(Node.java:137)
	at org.junit.platform.engine.support.hierarchical.NodeTestTask.lambda$executeRecursively$9(NodeTestTask.java:139)
	at org.junit.platform.engine.support.hierarchical.ThrowableCollector.execute(ThrowableCollector.java:73)
	at org.junit.platform.engine.support.hierarchical.NodeTestTask.executeRecursively(NodeTestTask.java:138)
	at org.junit.platform.engine.support.hierarchical.NodeTestTask.execute(NodeTestTask.java:95)
	at org.junit.platform.engine.support.hierarchical.SameThreadHierarchicalTestExecutorService.submit(SameThreadHierarchicalTestExecutorService.java:35)
	at org.junit.platform.engine.support.hierarchical.HierarchicalTestExecutor.execute(HierarchicalTestExecutor.java:57)
	at org.junit.platform.engine.support.hierarchical.HierarchicalTestEngine.execute(HierarchicalTestEngine.java:54)
	at org.junit.platform.launcher.core.EngineExecutionOrchestrator.execute(EngineExecutionOrchestrator.java:198)
	at org.junit.platform.launcher.core.EngineExecutionOrchestrator.execute(EngineExecutionOrchestrator.java:169)
	at org.junit.platform.launcher.core.EngineExecutionOrchestrator.execute(EngineExecutionOrchestrator.java:93)
	at org.junit.platform.launcher.core.EngineExecutionOrchestrator.lambda$execute$0(EngineExecutionOrchestrator.java:58)
	at org.junit.platform.launcher.core.EngineExecutionOrchestrator.withInterceptedStreams(EngineExecutionOrchestrator.java:141)
	at org.junit.platform.launcher.core.EngineExecutionOrchestrator.execute(EngineExecutionOrchestrator.java:57)
	at org.junit.platform.launcher.core.DefaultLauncher.execute(DefaultLauncher.java:103)
	at org.junit.platform.launcher.core.DefaultLauncher.execute(DefaultLauncher.java:85)
	at org.junit.platform.launcher.core.DelegatingLauncher.execute(DelegatingLauncher.java:47)
	at org.gradle.api.internal.tasks.testing.junitplatform.JUnitPlatformTestClassProcessor$CollectAllTestClassesExecutor.processAllTestClasses(JUnitPlatformTestClassProcessor.java:119)
	at org.gradle.api.internal.tasks.testing.junitplatform.JUnitPlatformTestClassProcessor$CollectAllTestClassesExecutor.access$000(JUnitPlatformTestClassProcessor.java:94)
	at org.gradle.api.internal.tasks.testing.junitplatform.JUnitPlatformTestClassProcessor.stop(JUnitPlatformTestClassProcessor.java:89)
	at org.gradle.api.internal.tasks.testing.SuiteTestClassProcessor.stop(SuiteTestClassProcessor.java:62)
	at java.base/jdk.internal.reflect.NativeMethodAccessorImpl.invoke0(Native Method)
	at java.base/jdk.internal.reflect.NativeMethodAccessorImpl.invoke(NativeMethodAccessorImpl.java:77)
	at java.base/jdk.internal.reflect.DelegatingMethodAccessorImpl.invoke(DelegatingMethodAccessorImpl.java:43)
	at java.base/java.lang.reflect.Method.invoke(Method.java:568)
	at org.gradle.internal.dispatch.ReflectionDispatch.dispatch(ReflectionDispatch.java:36)
	at org.gradle.internal.dispatch.ReflectionDispatch.dispatch(ReflectionDispatch.java:24)
	at org.gradle.internal.dispatch.ContextClassLoaderDispatch.dispatch(ContextClassLoaderDispatch.java:33)
	at org.gradle.internal.dispatch.ProxyDispatchAdapter$DispatchingInvocationHandler.invoke(ProxyDispatchAdapter.java:94)
	at jdk.proxy1/jdk.proxy1.$Proxy2.stop(Unknown Source)
	at org.gradle.api.internal.tasks.testing.worker.TestWorker$3.run(TestWorker.java:193)
	at org.gradle.api.internal.tasks.testing.worker.TestWorker.executeAndMaintainThreadName(TestWorker.java:129)
	at org.gradle.api.internal.tasks.testing.worker.TestWorker.execute(TestWorker.java:100)
	at org.gradle.api.internal.tasks.testing.worker.TestWorker.execute(TestWorker.java:60)
	at org.gradle.process.internal.worker.child.ActionExecutionWorker.execute(ActionExecutionWorker.java:56)
	at org.gradle.process.internal.worker.child.SystemApplicationClassLoaderWorker.call(SystemApplicationClassLoaderWorker.java:119)
	at org.gradle.process.internal.worker.child.SystemApplicationClassLoaderWorker.call(SystemApplicationClassLoaderWorker.java:66)
	at worker.org.gradle.process.internal.worker.GradleWorkerMain.run(GradleWorkerMain.java:69)
	at worker.org.gradle.process.internal.worker.GradleWorkerMain.main(GradleWorkerMain.java:74)
21:57:34.246 [Test worker] INFO  b.management.service.LoanServiceImpl - Retrieving loan with ID: 1
21:57:34.246 [Test worker] ERROR b.management.service.LoanServiceImpl - EntityNotFoundException: Loan not found with ID: 1
21:57:34.248 [Test worker] INFO  o.s.t.c.s.AnnotationConfigContextLoaderUtils - Could not detect default configuration classes for test class [banking.management.service.PaymentServiceImplTest]: PaymentServiceImplTest does not declare any static, non-private, non-final, nested classes annotated with @Configuration.
21:57:34.285 [Test worker] INFO  b.m.service.PaymentServiceImpl - Retrieving payment with ID: 1
21:57:34.285 [Test worker] ERROR b.m.service.PaymentServiceImpl - EntityNotFoundException: Payment not found with ID: 1
21:57:34.288 [Test worker] INFO  b.m.service.PaymentServiceImpl - Retrieving payment with ID: 1
21:57:34.288 [Test worker] INFO  b.m.service.PaymentServiceImpl - Payment retrieved successfully for ID: 1
21:57:34.292 [Test worker] INFO  b.m.service.PaymentServiceImpl - Creating a new payment...
21:57:34.292 [Test worker] ERROR b.m.service.PaymentServiceImpl - EntityNotFoundException: Account not found with ID: 1
21:57:34.295 [Test worker] INFO  b.m.service.PaymentServiceImpl - Creating a new payment...
21:57:34.296 [Test worker] INFO  b.m.service.PaymentServiceImpl - Payment created successfully with ID: 1
21:57:34.299 [Test worker] INFO  b.management.service.UserServiceImpl - Retrieving user with ID: 1
21:57:34.299 [Test worker] ERROR b.management.service.UserServiceImpl - EntityNotFoundException: User not found with ID: 1
21:57:34.301 [Test worker] INFO  b.management.service.UserServiceImpl - Updating user with ID: 1
21:57:34.303 [Test worker] INFO  b.management.service.UserServiceImpl - User updated successfully with ID: 1
21:57:34.304 [Test worker] INFO  b.management.service.UserServiceImpl - Deleting user with ID: 1
21:57:34.305 [Test worker] ERROR b.management.service.UserServiceImpl - EntityNotFoundException: User not found with ID: 1
21:57:34.306 [Test worker] INFO  b.management.service.UserServiceImpl - Updating user with ID: 1
21:57:34.307 [Test worker] ERROR b.management.service.UserServiceImpl - EntityNotFoundException: User not found with ID: 1
21:57:34.308 [Test worker] INFO  b.management.service.UserServiceImpl - Creating a new user...
21:57:34.309 [Test worker] INFO  b.management.service.UserServiceImpl - User created successfully with ID: 1
21:57:34.310 [Test worker] INFO  b.management.service.UserServiceImpl - Deleting user with ID: 1
21:57:34.310 [Test worker] INFO  b.management.service.UserServiceImpl - User deleted successfully with ID: 1
21:57:34.312 [Test worker] INFO  b.management.service.UserServiceImpl - Retrieving user with ID: 1
21:57:34.313 [Test worker] INFO  b.management.service.UserServiceImpl - User retrieved successfully for ID: 1
21:57:34.327 [SpringApplicationShutdownHook] INFO  o.s.o.j.LocalContainerEntityManagerFactoryBean - Closing JPA EntityManagerFactory for persistence unit 'default'
21:57:34.329 [SpringApplicationShutdownHook] INFO  com.zaxxer.hikari.HikariDataSource - HikariPool-1 - Shutdown initiated...
21:57:34.336 [SpringApplicationShutdownHook] INFO  com.zaxxer.hikari.HikariDataSource - HikariPool-1 - Shutdown completed.
21:57:34.338 [SpringApplicationShutdownHook] INFO  o.s.o.j.LocalContainerEntityManagerFactoryBean - Closing JPA EntityManagerFactory for persistence unit 'default'
21:57:34.338 [SpringApplicationShutdownHook] INFO  com.zaxxer.hikari.HikariDataSource - HikariPool-2 - Shutdown initiated...
21:57:34.362 [SpringApplicationShutdownHook] INFO  com.zaxxer.hikari.HikariDataSource - HikariPool-2 - Shutdown completed.
